Archive member included to satisfy reference by file (symbol)

c:/qmk_msys/mingw64/bin/../lib/gcc/avr/12.2.0/avr5\libgcc.a(_divmodhi4.o)
                              .build/obj_tm_keyboard_default/quantum/mousekey.o (__divmodhi4)
c:/qmk_msys/mingw64/bin/../lib/gcc/avr/12.2.0/avr5\libgcc.a(_udivmodsi4.o)
                              .build/obj_tm_keyboard_default/quantum/quantum.o (__udivmodsi4)
c:/qmk_msys/mingw64/bin/../lib/gcc/avr/12.2.0/avr5\libgcc.a(_exit.o)
                              c:/qmk_msys/mingw64/bin/../lib/gcc/avr/12.2.0/../../../../avr/lib/avr5/crtatmega32u4.o (exit)
c:/qmk_msys/mingw64/bin/../lib/gcc/avr/12.2.0/avr5\libgcc.a(_tablejump2.o)
                              .build/obj_tm_keyboard_default/quantum/action.o (__tablejump2__)
c:/qmk_msys/mingw64/bin/../lib/gcc/avr/12.2.0/avr5\libgcc.a(_copy_data.o)
                              .build/obj_tm_keyboard_default/quantum/quantum.o (__do_copy_data)
c:/qmk_msys/mingw64/bin/../lib/gcc/avr/12.2.0/avr5\libgcc.a(_clear_bss.o)
                              .build/obj_tm_keyboard_default/quantum/quantum.o (__do_clear_bss)
c:/qmk_msys/mingw64/bin/../lib/gcc/avr/12.2.0/avr5\libgcc.a(_popcounthi2.o)
                              .build/obj_tm_keyboard_default/quantum/bitwise.o (__popcounthi2)
c:/qmk_msys/mingw64/bin/../lib/gcc/avr/12.2.0/avr5\libgcc.a(_popcountsi2.o)
                              .build/obj_tm_keyboard_default/quantum/bitwise.o (__popcountsi2)
c:/qmk_msys/mingw64/bin/../lib/gcc/avr/12.2.0/avr5\libgcc.a(_popcountqi2.o)
                              c:/qmk_msys/mingw64/bin/../lib/gcc/avr/12.2.0/avr5\libgcc.a(_popcounthi2.o) (__popcountqi2)
c:/qmk_msys/mingw64/bin/../lib/gcc/avr/12.2.0/avr5\libgcc.a(_prologue.o)
                              .build/obj_tm_keyboard_default/quantum/quantum.o (__prologue_saves__)
c:/qmk_msys/mingw64/bin/../lib/gcc/avr/12.2.0/avr5\libgcc.a(_epilogue.o)
                              .build/obj_tm_keyboard_default/quantum/quantum.o (__epilogue_restores__)
c:/qmk_msys/mingw64/bin/../lib/gcc/avr/12.2.0/avr5\libgcc.a(_udivmodhi4.o)
                              c:/qmk_msys/mingw64/bin/../lib/gcc/avr/12.2.0/avr5\libgcc.a(_divmodhi4.o) (__udivmodhi4)
c:/qmk_msys/mingw64/bin/../lib/gcc/avr/12.2.0/../../../../avr/lib/avr5\libc.a(memcmp.o)
                              .build/obj_tm_keyboard_default/quantum/action_util.o (memcmp)
c:/qmk_msys/mingw64/bin/../lib/gcc/avr/12.2.0/../../../../avr/lib/avr5\libc.a(memcpy.o)
                              .build/obj_tm_keyboard_default/quantum/debounce/sym_defer_g.o (memcpy)
c:/qmk_msys/mingw64/bin/../lib/gcc/avr/12.2.0/../../../../avr/lib/avr5\libc.a(memmove.o)
                              .build/obj_tm_keyboard_default/lib/lufa/LUFA/Drivers/USB/Class/Common/HIDParser.o (memmove)
c:/qmk_msys/mingw64/bin/../lib/gcc/avr/12.2.0/../../../../avr/lib/avr5\libatmega32u4.a(eerd_byte.o)
                              .build/obj_tm_keyboard_default/quantum/eeconfig.o (eeprom_read_byte)
c:/qmk_msys/mingw64/bin/../lib/gcc/avr/12.2.0/../../../../avr/lib/avr5\libatmega32u4.a(eerd_dword.o)
                              .build/obj_tm_keyboard_default/quantum/eeconfig.o (eeprom_read_dword)
c:/qmk_msys/mingw64/bin/../lib/gcc/avr/12.2.0/../../../../avr/lib/avr5\libatmega32u4.a(eerd_word.o)
                              .build/obj_tm_keyboard_default/quantum/eeconfig.o (eeprom_read_word)
c:/qmk_msys/mingw64/bin/../lib/gcc/avr/12.2.0/../../../../avr/lib/avr5\libatmega32u4.a(eeupd_block.o)
                              .build/obj_tm_keyboard_default/quantum/eeconfig.o (eeprom_update_block)
c:/qmk_msys/mingw64/bin/../lib/gcc/avr/12.2.0/../../../../avr/lib/avr5\libatmega32u4.a(eeupd_byte.o)
                              .build/obj_tm_keyboard_default/quantum/eeconfig.o (eeprom_update_byte)
c:/qmk_msys/mingw64/bin/../lib/gcc/avr/12.2.0/../../../../avr/lib/avr5\libatmega32u4.a(eeupd_dword.o)
                              .build/obj_tm_keyboard_default/quantum/eeconfig.o (eeprom_update_dword)
c:/qmk_msys/mingw64/bin/../lib/gcc/avr/12.2.0/../../../../avr/lib/avr5\libatmega32u4.a(eeupd_word.o)
                              .build/obj_tm_keyboard_default/quantum/eeconfig.o (eeprom_update_word)
c:/qmk_msys/mingw64/bin/../lib/gcc/avr/12.2.0/../../../../avr/lib/avr5\libatmega32u4.a(eerd_block.o)
                              c:/qmk_msys/mingw64/bin/../lib/gcc/avr/12.2.0/../../../../avr/lib/avr5\libatmega32u4.a(eerd_dword.o) (eeprom_read_blraw)

Allocating common symbols
Common symbol       size              file

USB_IsInitialized   0x1               .build/obj_tm_keyboard_default/lib/lufa/LUFA/Drivers/USB/Core/USBTask.o
keymap_config       0x2               .build/obj_tm_keyboard_default/quantum/keycode_config.o
USB_DeviceState     0x1               .build/obj_tm_keyboard_default/lib/lufa/LUFA/Drivers/USB/Core/USBTask.o
USB_Device_ConfigurationNumber
                    0x1               .build/obj_tm_keyboard_default/lib/lufa/LUFA/Drivers/USB/Core/DeviceStandardReq.o
[...]
Memory Configuration

Name             Origin             Length             Attributes
text             0x00000000         0x00020000         xr
data             0x00800060         0x0000ffa0         rw!x
eeprom           0x00810000         0x00010000         rw!x
fuse             0x00820000         0x00000003         rw!x
lock             0x00830000         0x00000400         rw!x
signature        0x00840000         0x00000400         rw!x
user_signatures  0x00850000         0x00000400         rw!x
*default*        0x00000000         0xffffffff

Linker script and memory map

Address of section .data set to 0x800100
LOAD c:/qmk_msys/mingw64/bin/../lib/gcc/avr/12.2.0/../../../../avr/lib/avr5/crtatmega32u4.o
LOAD .build/obj_tm_keyboard_default/.build/obj_tm_keyboard_default/src/default_keyboard.o
LOAD .build/obj_tm_keyboard_default/quantum/keymap_introspection.o
LOAD .build/obj_tm_keyboard_default/quantum/quantum.o
LOAD .build/obj_tm_keyboard_default/quantum/bitwise.o
LOAD .build/obj_tm_keyboard_default/quantum/led.o
LOAD .build/obj_tm_keyboard_default/quantum/action.o
LOAD .build/obj_tm_keyboard_default/quantum/action_layer.o
LOAD .build/obj_tm_keyboard_default/quantum/action_tapping.o
LOAD .build/obj_tm_keyboard_default/quantum/action_util.o
LOAD .build/obj_tm_keyboard_default/quantum/eeconfig.o
LOAD .build/obj_tm_keyboard_default/quantum/keyboard.o
LOAD .build/obj_tm_keyboard_default/quantum/keymap_common.o
LOAD .build/obj_tm_keyboard_default/quantum/keycode_config.o
LOAD .build/obj_tm_keyboard_default/quantum/sync_timer.o
LOAD .build/obj_tm_keyboard_default/quantum/logging/debug.o
LOAD .build/obj_tm_keyboard_default/quantum/logging/sendchar.o
LOAD .build/obj_tm_keyboard_default/quantum/matrix_common.o
LOAD .build/obj_tm_keyboard_default/quantum/matrix.o
LOAD .build/obj_tm_keyboard_default/quantum/debounce/sym_defer_g.o
LOAD .build/obj_tm_keyboard_default/quantum/main.o
LOAD .build/obj_tm_keyboard_default/platforms/avr/xprintf.o
LOAD .build/obj_tm_keyboard_default/platforms/avr/printf.o
LOAD .build/obj_tm_keyboard_default/quantum/bootmagic/bootmagic.o
LOAD .build/obj_tm_keyboard_default/quantum/process_keycode/process_grave_esc.o
LOAD .build/obj_tm_keyboard_default/quantum/process_keycode/process_magic.o
LOAD .build/obj_tm_keyboard_default/quantum/mousekey.o
LOAD .build/obj_tm_keyboard_default/quantum/send_string/send_string.o
LOAD .build/obj_tm_keyboard_default/quantum/process_keycode/process_space_cadet.o
LOAD .build/obj_tm_keyboard_default/protocol/host.o
LOAD .build/obj_tm_keyboard_default/protocol/report.o
LOAD .build/obj_tm_keyboard_default/protocol/usb_device_state.o
LOAD .build/obj_tm_keyboard_default/protocol/usb_util.o
LOAD .build/obj_tm_keyboard_default/platforms/suspend.o
LOAD .build/obj_tm_keyboard_default/platforms/synchronization_util.o
LOAD .build/obj_tm_keyboard_default/platforms/timer.o
LOAD .build/obj_tm_keyboard_default/platforms/avr/hardware_id.o
LOAD .build/obj_tm_keyboard_default/platforms/avr/platform.o
LOAD .build/obj_tm_keyboard_default/platforms/avr/suspend.o
LOAD .build/obj_tm_keyboard_default/platforms/avr/timer.o
LOAD .build/obj_tm_keyboard_default/platforms/avr/bootloaders/dfu.o
LOAD .build/obj_tm_keyboard_default/lufa.o
LOAD .build/obj_tm_keyboard_default/usb_descriptor.o
LOAD .build/obj_tm_keyboard_default/lib/lufa/LUFA/Drivers/USB/Class/Common/HIDParser.o
LOAD .build/obj_tm_keyboard_default/lib/lufa/LUFA/Drivers/USB/Core/AVR8/Device_AVR8.o
LOAD .build/obj_tm_keyboard_default/lib/lufa/LUFA/Drivers/USB/Core/AVR8/EndpointStream_AVR8.o
LOAD .build/obj_tm_keyboard_default/lib/lufa/LUFA/Drivers/USB/Core/AVR8/Endpoint_AVR8.o
LOAD .build/obj_tm_keyboard_default/lib/lufa/LUFA/Drivers/USB/Core/AVR8/Host_AVR8.o
LOAD .build/obj_tm_keyboard_default/lib/lufa/LUFA/Drivers/USB/Core/AVR8/PipeStream_AVR8.o
LOAD .build/obj_tm_keyboard_default/lib/lufa/LUFA/Drivers/USB/Core/AVR8/Pipe_AVR8.o
LOAD .build/obj_tm_keyboard_default/lib/lufa/LUFA/Drivers/USB/Core/AVR8/USBController_AVR8.o
LOAD .build/obj_tm_keyboard_default/lib/lufa/LUFA/Drivers/USB/Core/AVR8/USBInterrupt_AVR8.o
LOAD .build/obj_tm_keyboard_default/lib/lufa/LUFA/Drivers/USB/Core/ConfigDescriptors.o
LOAD .build/obj_tm_keyboard_default/lib/lufa/LUFA/Drivers/USB/Core/DeviceStandardReq.o
LOAD .build/obj_tm_keyboard_default/lib/lufa/LUFA/Drivers/USB/Core/Events.o
LOAD .build/obj_tm_keyboard_default/lib/lufa/LUFA/Drivers/USB/Core/HostStandardReq.o
LOAD .build/obj_tm_keyboard_default/lib/lufa/LUFA/Drivers/USB/Core/USBTask.o
LOAD .build/obj_tm_keyboard_default/protocol/lufa/usb_util.o
LOAD c:/qmk_msys/mingw64/bin/../lib/gcc/avr/12.2.0/../../../../avr/lib/avr5\libm.a
START GROUP
LOAD c:/qmk_msys/mingw64/bin/../lib/gcc/avr/12.2.0/avr5\libgcc.a
LOAD c:/qmk_msys/mingw64/bin/../lib/gcc/avr/12.2.0/../../../../avr/lib/avr5\libm.a
LOAD c:/qmk_msys/mingw64/bin/../lib/gcc/avr/12.2.0/../../../../avr/lib/avr5\libc.a
LOAD c:/qmk_msys/mingw64/bin/../lib/gcc/avr/12.2.0/../../../../avr/lib/avr5\libatmega32u4.a
END GROUP
                0x00020000                        __TEXT_REGION_LENGTH__ = DEFINED (__TEXT_REGION_LENGTH__)?__TEXT_REGION_LENGTH__:0x20000
                0x00800060                        __DATA_REGION_ORIGIN__ = DEFINED (__DATA_REGION_ORIGIN__)?__DATA_REGION_ORIGIN__:0x800060
                0x0000ffa0                        __DATA_REGION_LENGTH__ = DEFINED (__DATA_REGION_LENGTH__)?__DATA_REGION_LENGTH__:0xffa0
                0x00010000                        __EEPROM_REGION_LENGTH__ = DEFINED (__EEPROM_REGION_LENGTH__)?__EEPROM_REGION_LENGTH__:0x10000
                [0x00000003]                      __FUSE_REGION_LENGTH__ = DEFINED (__FUSE_REGION_LENGTH__)?__FUSE_REGION_LENGTH__:0x400
                0x00000400                        __LOCK_REGION_LENGTH__ = DEFINED (__LOCK_REGION_LENGTH__)?__LOCK_REGION_LENGTH__:0x400
                0x00000400                        __SIGNATURE_REGION_LENGTH__ = DEFINED (__SIGNATURE_REGION_LENGTH__)?__SIGNATURE_REGION_LENGTH__:0x400
                0x00000400                        __USER_SIGNATURE_REGION_LENGTH__ = DEFINED (__USER_SIGNATURE_REGION_LENGTH__)?__USER_SIGNATURE_REGION_LENGTH__:0x400

.hash
 *(.hash)

.dynsym
 *(.dynsym)

.dynstr
 *(.dynstr)

.gnu.version
 *(.gnu.version)

.gnu.version_d
 *(.gnu.version_d)

.gnu.version_r
 *(.gnu.version_r)

.rel.init
 *(.rel.init)

.rela.init
 *(.rela.init)

.rel.text
 *(.rel.text)
 *(.rel.text.*)
 *(.rel.gnu.linkonce.t*)

.rela.text
 *(.rela.text)
 *(.rela.text.*)
 *(.rela.gnu.linkonce.t*)

.rel.fini
 *(.rel.fini)

.rela.fini
 *(.rela.fini)

.rel.rodata
 *(.rel.rodata)
 *(.rel.rodata.*)
 *(.rel.gnu.linkonce.r*)

.rela.rodata
 *(.rela.rodata)
 *(.rela.rodata.*)
 *(.rela.gnu.linkonce.r*)

.rel.data
 *(.rel.data)
 *(.rel.data.*)
 *(.rel.gnu.linkonce.d*)

.rela.data
 *(.rela.data)
 *(.rela.data.*)
 *(.rela.gnu.linkonce.d*)

.rel.ctors
 *(.rel.ctors)

.rela.ctors
 *(.rela.ctors)

.rel.dtors
 *(.rel.dtors)

.rela.dtors
 *(.rela.dtors)

.rel.got
 *(.rel.got)

.rela.got
 *(.rela.got)

.rel.bss
 *(.rel.bss)

.rela.bss
 *(.rela.bss)

.rel.plt
 *(.rel.plt)

.rela.plt
 *(.rela.plt)

.text           0x00000000     0x3fc6
 *(.vectors)
 .vectors       0x00000000       0xac c:/qmk_msys/mingw64/bin/../lib/gcc/avr/12.2.0/../../../../avr/lib/avr5/crtatmega32u4.o
                0x00000000                __vector_default
                0x00000000                __vectors
 *(.vectors)
 *(.progmem.gcc*)
                0x000000ac                        . = ALIGN (0x2)
                0x000000ac                        __trampolines_start = .
 *(.trampolines)
 .trampolines   0x000000ac        0x0 linker stubs
 *(.trampolines*)
                0x000000ac                        __trampolines_end = .
 *libprintf_flt.a:*(.progmem.data)
 *libc.a:*(.progmem.data)
 *(.progmem.*)
 .progmem.data.keymaps
                0x000000ac       0xa8 .build/obj_tm_keyboard_default/quantum/keymap_introspection.o
                0x000000ac                keymaps
 .progmem.data.ProductString
                0x00000154       0x2a .build/obj_tm_keyboard_default/usb_descriptor.o
                0x00000154                ProductString
 .progmem.data.ManufacturerString
                0x0000017e       0x20 .build/obj_tm_keyboard_default/usb_descriptor.o
                0x0000017e                ManufacturerString
 .progmem.data.LanguageString
                0x0000019e        0x4 .build/obj_tm_keyboard_default/usb_descriptor.o
                0x0000019e                LanguageString
 .progmem.data.ConfigurationDescriptor
                0x000001a2       0x3b .build/obj_tm_keyboard_default/usb_descriptor.o
                0x000001a2                ConfigurationDescriptor
 .progmem.data.DeviceDescriptor
                0x000001dd       0x12 .build/obj_tm_keyboard_default/usb_descriptor.o
                0x000001dd                DeviceDescriptor
 .progmem.data.SharedReport
                0x000001ef       0xb6 .build/obj_tm_keyboard_default/usb_descriptor.o
                0x000001ef                SharedReport
 .progmem.data.KeyboardReport
                0x000002a5       0x44 .build/obj_tm_keyboard_default/usb_descriptor.o
                0x000002a5                KeyboardReport
                0x000002ea                        . = ALIGN (0x2)
 *fill*         0x000002e9        0x1 
 *(.lowtext)
 *(.lowtext*)
                0x000002ea                        __ctors_start = .
 *(.ctors)
                0x000002ea                        __ctors_end = .
                0x000002ea                        __dtors_start = .
 *(.dtors)
                0x000002ea                        __dtors_end = .
 SORT_BY_NAME(*)(.ctors)
 SORT_BY_NAME(*)(.dtors)
 *(.init0)
 .init0         0x000002ea        0x0 c:/qmk_msys/mingw64/bin/../lib/gcc/avr/12.2.0/../../../../avr/lib/avr5/crtatmega32u4.o
                0x000002ea                __init
 *(.init0)
 *(.init1)
 *(.init1)
 *(.init2)
 .init2         0x000002ea        0xc c:/qmk_msys/mingw64/bin/../lib/gcc/avr/12.2.0/../../../../avr/lib/avr5/crtatmega32u4.o
 *(.init2)
 *(.init3)
 .init3         0x000002f6       0x36 .build/obj_tm_keyboard_default/platforms/avr/bootloaders/dfu.o
                0x000002f6                bootloader_jump_after_watchdog_reset
 *(.init3)
 *(.init4)
 .init4         0x0000032c       0x16 c:/qmk_msys/mingw64/bin/../lib/gcc/avr/12.2.0/avr5\libgcc.a(_copy_data.o)
                0x0000032c                __do_copy_data
 .init4         0x00000342       0x10 c:/qmk_msys/mingw64/bin/../lib/gcc/avr/12.2.0/avr5\libgcc.a(_clear_bss.o)
                0x00000342                __do_clear_bss
 *(.init4)
 *(.init5)
 *(.init5)
 *(.init6)
 *(.init6)
 *(.init7)
 *(.init7)
 *(.init8)
 *(.init8)
 *(.init9)
 .init9         0x00000352        0x8 c:/qmk_msys/mingw64/bin/../lib/gcc/avr/12.2.0/../../../../avr/lib/avr5/crtatmega32u4.o
 *(.init9)
 *(.text)
 .text          0x0000035a        0x4 c:/qmk_msys/mingw64/bin/../lib/gcc/avr/12.2.0/../../../../avr/lib/avr5/crtatmega32u4.o
                0x0000035a                __vector_38
                0x0000035a                __vector_22
                0x0000035a                __vector_28
                0x0000035a                __vector_1
                0x0000035a                __vector_32
                0x0000035a                __vector_34
                0x0000035a                __vector_24
                0x0000035a                __bad_interrupt
                0x0000035a                __vector_6
                0x0000035a                __vector_31
                0x0000035a                __vector_35
                0x0000035a                __vector_39
                0x0000035a                __vector_3
                0x0000035a                __vector_23
                0x0000035a                __vector_30
                0x0000035a                __vector_25
                0x0000035a                __vector_13
                0x0000035a                __vector_17
                0x0000035a                __vector_19
                0x0000035a                __vector_7
                0x0000035a                __vector_41
                0x0000035a                __vector_27
                0x0000035a                __vector_5
                0x0000035a                __vector_33
                0x0000035a                __vector_37
                0x0000035a                __vector_4
                0x0000035a                __vector_9
                0x0000035a                __vector_2
                0x0000035a                __vector_15
                0x0000035a                __vector_36
                0x0000035a                __vector_29
                0x0000035a                __vector_40
                0x0000035a                __vector_8
                0x0000035a                __vector_26
                0x0000035a                __vector_14
                0x0000035a                __vector_16
                0x0000035a                __vector_18
                0x0000035a                __vector_20
                0x0000035a                __vector_42
                0x0000035e                        . = ALIGN (0x2)
 *(.text.*)
 .text.keycode_at_keymap_location_raw
                0x0000035e       0x2e .build/obj_tm_keyboard_default/quantum/keymap_introspection.o
                0x0000035e                keycode_at_keymap_location_raw
 .text.keycode_at_keymap_location
                0x0000038c        0x6 .build/obj_tm_keyboard_default/quantum/keymap_introspection.o
                0x0000038c                keycode_at_keymap_location
 .text.pre_process_record_user
                0x00000392        0x4 .build/obj_tm_keyboard_default/quantum/quantum.o
                0x00000392                pre_process_record_user
 .text.pre_process_record_kb
                0x00000396        0x6 .build/obj_tm_keyboard_default/quantum/quantum.o
                0x00000396                pre_process_record_kb
 .text.process_action_kb
                0x0000039c        0x4 .build/obj_tm_keyboard_default/quantum/quantum.o
                0x0000039c                process_action_kb
 .text.process_record_user
                0x000003a0        0x6 .build/obj_tm_keyboard_default/quantum/quantum.o
                0x000003a0                process_record_user
 .text.process_record_kb
                0x000003a6        0x6 .build/obj_tm_keyboard_default/quantum/quantum.o
                0x000003a6                process_record_kb
 .text.post_process_record_user
                0x000003ac        0x2 .build/obj_tm_keyboard_default/quantum/quantum.o
                0x000003ac                post_process_record_user
 .text.post_process_record_kb
                0x000003ae        0x6 .build/obj_tm_keyboard_default/quantum/quantum.o
                0x000003ae                post_process_record_kb
 .text.get_event_keycode
                0x000003b4       0x5c .build/obj_tm_keyboard_default/quantum/quantum.o
                0x000003b4                get_event_keycode
 .text.get_record_keycode
                0x00000410       0x16 .build/obj_tm_keyboard_default/quantum/quantum.o
                0x00000410                get_record_keycode
 .text.pre_process_record_quantum
                0x00000426       0x1c .build/obj_tm_keyboard_default/quantum/quantum.o
                0x00000426                pre_process_record_quantum
 .text.post_process_record_quantum
                0x00000442       0x1c .build/obj_tm_keyboard_default/quantum/quantum.o
                0x00000442                post_process_record_quantum
 .text.shutdown_user
                0x0000045e        0x4 .build/obj_tm_keyboard_default/quantum/quantum.o
                0x0000045e                shutdown_user
 .text.shutdown_kb
                0x00000462        0x6 .build/obj_tm_keyboard_default/quantum/quantum.o
                0x00000462                shutdown_kb
 .text.shutdown_quantum
                0x00000468       0x24 .build/obj_tm_keyboard_default/quantum/quantum.o
                0x00000468                shutdown_quantum
 .text.reset_keyboard
                0x0000048c        0xc .build/obj_tm_keyboard_default/quantum/quantum.o
                0x0000048c                reset_keyboard
 .text.soft_reset_keyboard
                0x00000498        0xc .build/obj_tm_keyboard_default/quantum/quantum.o
                0x00000498                soft_reset_keyboard
 .text.process_record_quantum
                0x000004a4       0xaa .build/obj_tm_keyboard_default/quantum/quantum.o
                0x000004a4                process_record_quantum
 .text.suspend_power_down_quantum
                0x0000054e        0xa .build/obj_tm_keyboard_default/quantum/quantum.o
                0x0000054e                suspend_power_down_quantum
 .text.suspend_wakeup_init_quantum
                0x00000558        0xa .build/obj_tm_keyboard_default/quantum/quantum.o
                0x00000558                suspend_wakeup_init_quantum
 .text.led_set_user
                0x00000562        0x2 .build/obj_tm_keyboard_default/quantum/led.o
                0x00000562                led_set_user
 .text.led_update_user
                0x00000564        0x4 .build/obj_tm_keyboard_default/quantum/led.o
                0x00000564                led_update_user
 .text.led_update_ports
                0x00000568        0x2 .build/obj_tm_keyboard_default/quantum/led.o
                0x00000568                led_update_ports
 .text.led_update_kb
                0x0000056a       0x1e .build/obj_tm_keyboard_default/quantum/led.o
                0x0000056a                led_update_kb
 .text.led_init_ports
                0x00000588        0x2 .build/obj_tm_keyboard_default/quantum/led.o
                0x00000588                led_init_ports
 .text.led_set  0x0000058a       0x12 .build/obj_tm_keyboard_default/quantum/led.o
                0x0000058a                led_set
 .text.led_suspend
                0x0000059c        0x8 .build/obj_tm_keyboard_default/quantum/led.o
                0x0000059c                led_suspend
 .text.led_wakeup
                0x000005a4        0xa .build/obj_tm_keyboard_default/quantum/led.o
                0x000005a4                led_wakeup
 .text.led_task
                0x000005ae       0x32 .build/obj_tm_keyboard_default/quantum/led.o
                0x000005ae                led_task
 .text.action_exec
                0x000005e0       0x60 .build/obj_tm_keyboard_default/quantum/action.o
                0x000005e0                action_exec
 .text.process_record_tap_hint
                0x00000640       0x12 .build/obj_tm_keyboard_default/quantum/action.o
                0x00000640                process_record_tap_hint
 .text.register_mouse
                0x00000652       0x14 .build/obj_tm_keyboard_default/quantum/action.o
                0x00000652                register_mouse
 .text.register_code
                0x00000666       0x90 .build/obj_tm_keyboard_default/quantum/action.o
                0x00000666                register_code
 .text.unregister_code
                0x000006f6       0x66 .build/obj_tm_keyboard_default/quantum/action.o
                0x000006f6                unregister_code
 .text.tap_code_delay
                0x0000075c       0x30 .build/obj_tm_keyboard_default/quantum/action.o
                0x0000075c                tap_code_delay
 .text.tap_code
                0x0000078c       0x12 .build/obj_tm_keyboard_default/quantum/action.o
                0x0000078c                tap_code
 .text.register_mods
                0x0000079e        0xe .build/obj_tm_keyboard_default/quantum/action.o
                0x0000079e                register_mods
 .text.unregister_mods
                0x000007ac        0xe .build/obj_tm_keyboard_default/quantum/action.o
                0x000007ac                unregister_mods
 .text.process_action
                0x000007ba      0x3fc .build/obj_tm_keyboard_default/quantum/action.o
                0x000007ba                process_action
 .text.process_record_handler
                0x00000bb6       0x30 .build/obj_tm_keyboard_default/quantum/action.o
                0x00000bb6                process_record_handler
 .text.process_record
                0x00000be6       0x46 .build/obj_tm_keyboard_default/quantum/action.o
                0x00000be6                process_record
 .text.clear_keyboard_but_mods_and_keys
                0x00000c2c       0x22 .build/obj_tm_keyboard_default/quantum/action.o
                0x00000c2c                clear_keyboard_but_mods_and_keys
 .text.clear_keyboard_but_mods
                0x00000c4e        0xa .build/obj_tm_keyboard_default/quantum/action.o
                0x00000c4e                clear_keyboard_but_mods
 .text.clear_keyboard
                0x00000c58        0xa .build/obj_tm_keyboard_default/quantum/action.o
                0x00000c58                clear_keyboard
 .text.is_tap_action
                0x00000c62       0x3a .build/obj_tm_keyboard_default/quantum/action.o
                0x00000c62                is_tap_action
 .text.is_tap_record
                0x00000c9c       0x1a .build/obj_tm_keyboard_default/quantum/action.o
                0x00000c9c                is_tap_record
 .text.debug_event
                0x00000cb6       0x14 .build/obj_tm_keyboard_default/quantum/action.o
                0x00000cb6                debug_event
 .text.debug_record
                0x00000cca       0x14 .build/obj_tm_keyboard_default/quantum/action.o
                0x00000cca                debug_record
 .text.default_layer_state_set_user
                0x00000cde        0x2 .build/obj_tm_keyboard_default/quantum/action_layer.o
                0x00000cde                default_layer_state_set_user
 .text.default_layer_state_set_kb
                0x00000ce0        0x6 .build/obj_tm_keyboard_default/quantum/action_layer.o
                0x00000ce0                default_layer_state_set_kb
 .text.default_layer_state_set
                0x00000ce6        0xe .build/obj_tm_keyboard_default/quantum/action_layer.o
 .text.default_layer_debug
                0x00000cf4        0x2 .build/obj_tm_keyboard_default/quantum/action_layer.o
                0x00000cf4                default_layer_debug
 .text.default_layer_set
                0x00000cf6        0x6 .build/obj_tm_keyboard_default/quantum/action_layer.o
                0x00000cf6                default_layer_set
 .text.default_layer_or
                0x00000cfc       0x12 .build/obj_tm_keyboard_default/quantum/action_layer.o
                0x00000cfc                default_layer_or
 .text.default_layer_and
                0x00000d0e       0x12 .build/obj_tm_keyboard_default/quantum/action_layer.o
                0x00000d0e                default_layer_and
 .text.default_layer_xor
                0x00000d20       0x12 .build/obj_tm_keyboard_default/quantum/action_layer.o
                0x00000d20                default_layer_xor
 .text.layer_state_set_user
                0x00000d32        0x6 .build/obj_tm_keyboard_default/quantum/action_layer.o
                0x00000d32                layer_state_set_user
 .text.layer_state_set_kb
                0x00000d38        0x6 .build/obj_tm_keyboard_default/quantum/action_layer.o
                0x00000d38                layer_state_set_kb
 .text.layer_state_set
                0x00000d3e        0xe .build/obj_tm_keyboard_default/quantum/action_layer.o
                0x00000d3e                layer_state_set
 .text.layer_clear
                0x00000d4c        0xa .build/obj_tm_keyboard_default/quantum/action_layer.o
                0x00000d4c                layer_clear
 .text.layer_move
                0x00000d56       0x18 .build/obj_tm_keyboard_default/quantum/action_layer.o
                0x00000d56                layer_move
 .text.layer_on
                0x00000d6e       0x20 .build/obj_tm_keyboard_default/quantum/action_layer.o
                0x00000d6e                layer_on
 .text.layer_off
                0x00000d8e       0x24 .build/obj_tm_keyboard_default/quantum/action_layer.o
                0x00000d8e                layer_off
 .text.layer_invert
                0x00000db2       0x20 .build/obj_tm_keyboard_default/quantum/action_layer.o
                0x00000db2                layer_invert
 .text.layer_or
                0x00000dd2       0x12 .build/obj_tm_keyboard_default/quantum/action_layer.o
                0x00000dd2                layer_or
 .text.layer_and
                0x00000de4       0x12 .build/obj_tm_keyboard_default/quantum/action_layer.o
                0x00000de4                layer_and
 .text.layer_xor
                0x00000df6       0x12 .build/obj_tm_keyboard_default/quantum/action_layer.o
                0x00000df6                layer_xor
 .text.layer_debug
                0x00000e08        0x2 .build/obj_tm_keyboard_default/quantum/action_layer.o
                0x00000e08                layer_debug
 .text.update_source_layers_cache_impl
                0x00000e0a       0x5a .build/obj_tm_keyboard_default/quantum/action_layer.o
                0x00000e0a                update_source_layers_cache_impl
 .text.read_source_layers_cache_impl
                0x00000e64       0x50 .build/obj_tm_keyboard_default/quantum/action_layer.o
                0x00000e64                read_source_layers_cache_impl
 .text.update_source_layers_cache
                0x00000eb4       0x24 .build/obj_tm_keyboard_default/quantum/action_layer.o
                0x00000eb4                update_source_layers_cache
 .text.read_source_layers_cache
                0x00000ed8       0x24 .build/obj_tm_keyboard_default/quantum/action_layer.o
                0x00000ed8                read_source_layers_cache
 .text.layer_switch_get_layer
                0x00000efc       0x64 .build/obj_tm_keyboard_default/quantum/action_layer.o
                0x00000efc                layer_switch_get_layer
 .text.layer_switch_get_action
                0x00000f60       0x1a .build/obj_tm_keyboard_default/quantum/action_layer.o
                0x00000f60                layer_switch_get_action
 .text.store_or_get_action
                0x00000f7a       0x52 .build/obj_tm_keyboard_default/quantum/action_layer.o
                0x00000f7a                store_or_get_action
 .text.debug_waiting_buffer
                0x00000fcc       0x44 .build/obj_tm_keyboard_default/quantum/action_tapping.o
 .text.debug_tapping_key
                0x00001010       0x22 .build/obj_tm_keyboard_default/quantum/action_tapping.o
 .text.waiting_buffer_scan_tap
                0x00001032       0xa2 .build/obj_tm_keyboard_default/quantum/action_tapping.o
 .text.waiting_buffer_typed.isra.0
                0x000010d4       0x3e .build/obj_tm_keyboard_default/quantum/action_tapping.o
 .text.process_tapping
                0x00001112      0x2f4 .build/obj_tm_keyboard_default/quantum/action_tapping.o
 .text.action_tapping_process
                0x00001406      0x10c .build/obj_tm_keyboard_default/quantum/action_tapping.o
                0x00001406                action_tapping_process
 .text.get_oneshot_layer
                0x00001512        0xc .build/obj_tm_keyboard_default/quantum/action_util.o
                0x00001512                get_oneshot_layer
 .text.get_oneshot_layer_state
                0x0000151e        0x8 .build/obj_tm_keyboard_default/quantum/action_util.o
                0x0000151e                get_oneshot_layer_state
 .text.is_oneshot_layer_active
                0x00001526       0x10 .build/obj_tm_keyboard_default/quantum/action_util.o
                0x00001526                is_oneshot_layer_active
 .text.get_mods
                0x00001536        0x6 .build/obj_tm_keyboard_default/quantum/action_util.o
                0x00001536                get_mods
 .text.add_mods
                0x0000153c        0xc .build/obj_tm_keyboard_default/quantum/action_util.o
                0x0000153c                add_mods
 .text.del_mods
                0x00001548       0x10 .build/obj_tm_keyboard_default/quantum/action_util.o
                0x00001548                del_mods
 .text.clear_mods
                0x00001558        0x6 .build/obj_tm_keyboard_default/quantum/action_util.o
                0x00001558                clear_mods
 .text.add_weak_mods
                0x0000155e        0xc .build/obj_tm_keyboard_default/quantum/action_util.o
                0x0000155e                add_weak_mods
 .text.del_weak_mods
                0x0000156a       0x10 .build/obj_tm_keyboard_default/quantum/action_util.o
                0x0000156a                del_weak_mods
 .text.clear_weak_mods
                0x0000157a        0x6 .build/obj_tm_keyboard_default/quantum/action_util.o
                0x0000157a                clear_weak_mods
 .text.oneshot_locked_mods_changed_user
                0x00001580        0x2 .build/obj_tm_keyboard_default/quantum/action_util.o
                0x00001580                oneshot_locked_mods_changed_user
 .text.oneshot_locked_mods_changed_kb
                0x00001582        0x6 .build/obj_tm_keyboard_default/quantum/action_util.o
                0x00001582                oneshot_locked_mods_changed_kb
 .text.del_oneshot_locked_mods
                0x00001588       0x1a .build/obj_tm_keyboard_default/quantum/action_util.o
                0x00001588                del_oneshot_locked_mods
 .text.oneshot_mods_changed_user
                0x000015a2        0x2 .build/obj_tm_keyboard_default/quantum/action_util.o
                0x000015a2                oneshot_mods_changed_user
 .text.oneshot_mods_changed_kb
                0x000015a4        0x6 .build/obj_tm_keyboard_default/quantum/action_util.o
                0x000015a4                oneshot_mods_changed_kb
 .text.add_oneshot_mods
                0x000015aa       0x18 .build/obj_tm_keyboard_default/quantum/action_util.o
                0x000015aa                add_oneshot_mods
 .text.del_oneshot_mods
                0x000015c2       0x1a .build/obj_tm_keyboard_default/quantum/action_util.o
                0x000015c2                del_oneshot_mods
 .text.clear_oneshot_mods
                0x000015dc       0x14 .build/obj_tm_keyboard_default/quantum/action_util.o
                0x000015dc                clear_oneshot_mods
 .text.get_mods_for_report
                0x000015f0       0x2a .build/obj_tm_keyboard_default/quantum/action_util.o
 .text.send_6kro_report
                0x0000161a       0x48 .build/obj_tm_keyboard_default/quantum/action_util.o
                0x0000161a                send_6kro_report
 .text.send_nkro_report
                0x00001662       0x48 .build/obj_tm_keyboard_default/quantum/action_util.o
                0x00001662                send_nkro_report
 .text.send_keyboard_report
                0x000016aa       0x1c .build/obj_tm_keyboard_default/quantum/action_util.o
                0x000016aa                send_keyboard_report
 .text.oneshot_layer_changed_user
                0x000016c6        0x2 .build/obj_tm_keyboard_default/quantum/action_util.o
                0x000016c6                oneshot_layer_changed_user
 .text.oneshot_layer_changed_kb
                0x000016c8        0x6 .build/obj_tm_keyboard_default/quantum/action_util.o
                0x000016c8                oneshot_layer_changed_kb
 .text.set_oneshot_layer
                0x000016ce       0x30 .build/obj_tm_keyboard_default/quantum/action_util.o
                0x000016ce                set_oneshot_layer
 .text.reset_oneshot_layer
                0x000016fe        0xc .build/obj_tm_keyboard_default/quantum/action_util.o
                0x000016fe                reset_oneshot_layer
 .text.clear_oneshot_layer_state
                0x0000170a       0x30 .build/obj_tm_keyboard_default/quantum/action_util.o
                0x0000170a                clear_oneshot_layer_state
 .text.oneshot_set
                0x0000173a       0x2a .build/obj_tm_keyboard_default/quantum/action_util.o
                0x0000173a                oneshot_set
 .text.oneshot_toggle
                0x00001764       0x14 .build/obj_tm_keyboard_default/quantum/action_util.o
                0x00001764                oneshot_toggle
 .text.oneshot_enable
                0x00001778        0x8 .build/obj_tm_keyboard_default/quantum/action_util.o
                0x00001778                oneshot_enable
 .text.oneshot_disable
                0x00001780        0x8 .build/obj_tm_keyboard_default/quantum/action_util.o
                0x00001780                oneshot_disable
 .text.eeconfig_disable
                0x00001788        0xe .build/obj_tm_keyboard_default/quantum/eeconfig.o
                0x00001788                eeconfig_disable
 .text.eeconfig_is_enabled
                0x00001796       0x16 .build/obj_tm_keyboard_default/quantum/eeconfig.o
                0x00001796                eeconfig_is_enabled
 .text.eeconfig_read_debug
                0x000017ac        0xa .build/obj_tm_keyboard_default/quantum/eeconfig.o
                0x000017ac                eeconfig_read_debug
 .text.eeconfig_read_default_layer
                0x000017b6        0xa .build/obj_tm_keyboard_default/quantum/eeconfig.o
                0x000017b6                eeconfig_read_default_layer
 .text.eeconfig_read_keymap
                0x000017c0        0xa .build/obj_tm_keyboard_default/quantum/eeconfig.o
                0x000017c0                eeconfig_read_keymap
 .text.eeconfig_update_keymap
                0x000017ca        0xc .build/obj_tm_keyboard_default/quantum/eeconfig.o
                0x000017ca                eeconfig_update_keymap
 .text.eeconfig_update_kb
                0x000017d6        0xe .build/obj_tm_keyboard_default/quantum/eeconfig.o
                0x000017d6                eeconfig_update_kb
 .text.eeconfig_update_user
                0x000017e4        0xe .build/obj_tm_keyboard_default/quantum/eeconfig.o
                0x000017e4                eeconfig_update_user
 .text.eeconfig_init_user
                0x000017f2        0xc .build/obj_tm_keyboard_default/quantum/eeconfig.o
                0x000017f2                eeconfig_init_user
 .text.eeconfig_init_kb
                0x000017fe       0x10 .build/obj_tm_keyboard_default/quantum/eeconfig.o
                0x000017fe                eeconfig_init_kb
 .text.eeconfig_init_quantum
                0x0000180e       0xbe .build/obj_tm_keyboard_default/quantum/eeconfig.o
                0x0000180e                eeconfig_init_quantum
 .text.eeconfig_init
                0x000018cc        0x6 .build/obj_tm_keyboard_default/quantum/eeconfig.o
                0x000018cc                eeconfig_init
 .text.eeconfig_update_handedness
                0x000018d2        0xc .build/obj_tm_keyboard_default/quantum/eeconfig.o
                0x000018d2                eeconfig_update_handedness
 .text.generate_tick_event
                0x000018de       0x46 .build/obj_tm_keyboard_default/quantum/keyboard.o
 .text.last_matrix_activity_trigger
                0x00001924       0x26 .build/obj_tm_keyboard_default/quantum/keyboard.o
                0x00001924                last_matrix_activity_trigger
 .text.keyboard_pre_init_user
                0x0000194a        0x2 .build/obj_tm_keyboard_default/quantum/keyboard.o
                0x0000194a                keyboard_pre_init_user
 .text.matrix_setup
                0x0000194c        0x2 .build/obj_tm_keyboard_default/quantum/keyboard.o
                0x0000194c                matrix_setup
 .text.keyboard_pre_init_kb
                0x0000194e        0x6 .build/obj_tm_keyboard_default/quantum/keyboard.o
                0x0000194e                keyboard_pre_init_kb
 .text.keyboard_post_init_user
                0x00001954        0x2 .build/obj_tm_keyboard_default/quantum/keyboard.o
                0x00001954                keyboard_post_init_user
 .text.keyboard_post_init_kb
                0x00001956        0x6 .build/obj_tm_keyboard_default/quantum/keyboard.o
                0x00001956                keyboard_post_init_kb
 .text.keyboard_setup
                0x0000195c       0x12 .build/obj_tm_keyboard_default/quantum/keyboard.o
                0x0000195c                keyboard_setup
 .text.is_keyboard_master
                0x0000196e        0x4 .build/obj_tm_keyboard_default/quantum/keyboard.o
                0x0000196e                is_keyboard_master
 .text.matrix_can_read
                0x00001972        0x6 .build/obj_tm_keyboard_default/quantum/keyboard.o
                0x00001972                matrix_can_read
 .text.should_process_keypress
                0x00001978        0x6 .build/obj_tm_keyboard_default/quantum/keyboard.o
                0x00001978                should_process_keypress
 .text.housekeeping_task_kb
                0x0000197e        0x2 .build/obj_tm_keyboard_default/quantum/keyboard.o
                0x0000197e                housekeeping_task_kb
 .text.housekeeping_task_user
                0x00001980        0x2 .build/obj_tm_keyboard_default/quantum/keyboard.o
                0x00001980                housekeeping_task_user
 .text.housekeeping_task
                0x00001982        0xa .build/obj_tm_keyboard_default/quantum/keyboard.o
                0x00001982                housekeeping_task
 .text.quantum_init
                0x0000198c       0x3c .build/obj_tm_keyboard_default/quantum/keyboard.o
                0x0000198c                quantum_init
 .text.keyboard_init
                0x000019c8       0x16 .build/obj_tm_keyboard_default/quantum/keyboard.o
                0x000019c8                keyboard_init
 .text.keyboard_task
                0x000019de       0xf2 .build/obj_tm_keyboard_default/quantum/keyboard.o
                0x000019de                keyboard_task
 .text.action_for_keycode
                0x00001ad0      0x232 .build/obj_tm_keyboard_default/quantum/keymap_common.o
                0x00001ad0                action_for_keycode
 .text.keymap_key_to_keycode
                0x00001d02       0x18 .build/obj_tm_keyboard_default/quantum/keymap_common.o
                0x00001d02                keymap_key_to_keycode
 .text.action_for_key
                0x00001d1a        0xa .build/obj_tm_keyboard_default/quantum/keymap_common.o
                0x00001d1a                action_for_key
 .text.keycode_config
                0x00001d24      0x148 .build/obj_tm_keyboard_default/quantum/keycode_config.o
                0x00001d24                keycode_config
 .text.mod_config
                0x00001e6c       0x9e .build/obj_tm_keyboard_default/quantum/keycode_config.o
                0x00001e6c                mod_config
 .text.sendchar
                0x00001f0a        0x4 .build/obj_tm_keyboard_default/quantum/logging/sendchar.o
                0x00001f0a                sendchar
 .text.matrix_init_user
                0x00001f0e        0x2 .build/obj_tm_keyboard_default/quantum/matrix_common.o
                0x00001f0e                matrix_init_user
 .text.matrix_init_kb
                0x00001f10        0x6 .build/obj_tm_keyboard_default/quantum/matrix_common.o
                0x00001f10                matrix_init_kb
 .text.matrix_scan_user
                0x00001f16        0x2 .build/obj_tm_keyboard_default/quantum/matrix_common.o
                0x00001f16                matrix_scan_user
 .text.matrix_scan_kb
                0x00001f18        0x6 .build/obj_tm_keyboard_default/quantum/matrix_common.o
                0x00001f18                matrix_scan_kb
 .text.matrix_get_row
                0x00001f1e       0x12 .build/obj_tm_keyboard_default/quantum/matrix_common.o
                0x00001f1e                matrix_get_row
 .text.matrix_print
                0x00001f30        0x2 .build/obj_tm_keyboard_default/quantum/matrix_common.o
                0x00001f30                matrix_print
 .text.matrix_io_delay
                0x00001f32        0x8 .build/obj_tm_keyboard_default/quantum/matrix_common.o
                0x00001f32                matrix_io_delay
 .text.matrix_output_select_delay
                0x00001f3a        0x4 .build/obj_tm_keyboard_default/quantum/matrix_common.o
                0x00001f3a                matrix_output_select_delay
 .text.matrix_output_unselect_delay
                0x00001f3e        0x6 .build/obj_tm_keyboard_default/quantum/matrix_common.o
                0x00001f3e                matrix_output_unselect_delay
 .text.setPinInputHigh_atomic
                0x00001f44       0x32 .build/obj_tm_keyboard_default/quantum/matrix.o
 .text.matrix_init_pins
                0x00001f76       0x40 .build/obj_tm_keyboard_default/quantum/matrix.o
                0x00001f76                matrix_init_pins
 .text.matrix_read_cols_on_row
                0x00001fb6       0xce .build/obj_tm_keyboard_default/quantum/matrix.o
                0x00001fb6                matrix_read_cols_on_row
 .text.matrix_init
                0x00002084       0x2c .build/obj_tm_keyboard_default/quantum/matrix.o
                0x00002084                matrix_init
 .text.matrix_scan
                0x000020b0       0x7a .build/obj_tm_keyboard_default/quantum/matrix.o
                0x000020b0                matrix_scan
 .text.debounce_init
                0x0000212a        0x2 .build/obj_tm_keyboard_default/quantum/debounce/sym_defer_g.o
                0x0000212a                debounce_init
 .text.debounce
                0x0000212c       0x82 .build/obj_tm_keyboard_default/quantum/debounce/sym_defer_g.o
                0x0000212c                debounce
 .text.protocol_keyboard_task
                0x000021ae        0x6 .build/obj_tm_keyboard_default/quantum/main.o
                0x000021ae                protocol_keyboard_task
 .text.startup.main
                0x000021b4       0x2a .build/obj_tm_keyboard_default/quantum/main.o
                0x000021b4                main
 .text.print_set_sendchar
                0x000021de        0xa .build/obj_tm_keyboard_default/platforms/avr/printf.o
                0x000021de                print_set_sendchar
 .text.bootmagic_reset_eeprom
                0x000021e8        0x6 .build/obj_tm_keyboard_default/quantum/bootmagic/bootmagic.o
                0x000021e8                bootmagic_reset_eeprom
 .text.bootmagic_should_reset
                0x000021ee        0xa .build/obj_tm_keyboard_default/quantum/bootmagic/bootmagic.o
                0x000021ee                bootmagic_should_reset
 .text.bootmagic_scan
                0x000021f8       0x2c .build/obj_tm_keyboard_default/quantum/bootmagic/bootmagic.o
                0x000021f8                bootmagic_scan
 .text.bootmagic
                0x00002224        0x6 .build/obj_tm_keyboard_default/quantum/bootmagic/bootmagic.o
                0x00002224                bootmagic
 .text.process_grave_esc
                0x0000222a       0x56 .build/obj_tm_keyboard_default/quantum/process_keycode/process_grave_esc.o
                0x0000222a                process_grave_esc
 .text.process_magic
                0x00002280      0x1b8 .build/obj_tm_keyboard_default/quantum/process_keycode/process_magic.o
                0x00002280                process_magic
 .text.times_inv_sqrt2
                0x00002438       0x1c .build/obj_tm_keyboard_default/quantum/mousekey.o
 .text.move_unit
                0x00002454       0x90 .build/obj_tm_keyboard_default/quantum/mousekey.o
 .text.wheel_unit
                0x000024e4       0x78 .build/obj_tm_keyboard_default/quantum/mousekey.o
 .text.mousekey_on
                0x0000255c       0xbc .build/obj_tm_keyboard_default/quantum/mousekey.o
                0x0000255c                mousekey_on
 .text.mousekey_off
                0x00002618       0xf0 .build/obj_tm_keyboard_default/quantum/mousekey.o
                0x00002618                mousekey_off
 .text.mousekey_send
                0x00002708       0x3a .build/obj_tm_keyboard_default/quantum/mousekey.o
                0x00002708                mousekey_send
 .text.mousekey_clear
                0x00002742       0x1c .build/obj_tm_keyboard_default/quantum/mousekey.o
                0x00002742                mousekey_clear
 .text.should_mousekey_report_send
                0x0000275e       0x26 .build/obj_tm_keyboard_default/quantum/mousekey.o
                0x0000275e                should_mousekey_report_send
 .text.mousekey_task
                0x00002784      0x1e0 .build/obj_tm_keyboard_default/quantum/mousekey.o
                0x00002784                mousekey_task
 .text.perform_space_cadet
                0x00002964       0xde .build/obj_tm_keyboard_default/quantum/process_keycode/process_space_cadet.o
                0x00002964                perform_space_cadet
 .text.process_space_cadet
                0x00002a42       0x82 .build/obj_tm_keyboard_default/quantum/process_keycode/process_space_cadet.o
                0x00002a42                process_space_cadet
 .text.host_set_driver
                0x00002ac4        0xa .build/obj_tm_keyboard_default/protocol/host.o
                0x00002ac4                host_set_driver
 .text.host_keyboard_leds
                0x00002ace       0x1a .build/obj_tm_keyboard_default/protocol/host.o
                0x00002ace                host_keyboard_leds
 .text.host_keyboard_send
                0x00002ae8       0x16 .build/obj_tm_keyboard_default/protocol/host.o
                0x00002ae8                host_keyboard_send
 .text.host_nkro_send
                0x00002afe       0x1e .build/obj_tm_keyboard_default/protocol/host.o
                0x00002afe                host_nkro_send
 .text.host_mouse_send
                0x00002b1c       0x1e .build/obj_tm_keyboard_default/protocol/host.o
                0x00002b1c                host_mouse_send
 .text.host_system_send
                0x00002b3a       0x4c .build/obj_tm_keyboard_default/protocol/host.o
                0x00002b3a                host_system_send
 .text.host_consumer_send
                0x00002b86       0x4c .build/obj_tm_keyboard_default/protocol/host.o
                0x00002b86                host_consumer_send
 .text.has_anykey
                0x00002bd2       0x42 .build/obj_tm_keyboard_default/protocol/report.o
                0x00002bd2                has_anykey
 .text.is_key_pressed
                0x00002c14       0x72 .build/obj_tm_keyboard_default/protocol/report.o
                0x00002c14                is_key_pressed
 .text.add_key_byte
                0x00002c86       0x34 .build/obj_tm_keyboard_default/protocol/report.o
                0x00002c86                add_key_byte
 .text.del_key_byte
                0x00002cba       0x1e .build/obj_tm_keyboard_default/protocol/report.o
                0x00002cba                del_key_byte
 .text.add_key_bit
                0x00002cd8       0x28 .build/obj_tm_keyboard_default/protocol/report.o
                0x00002cd8                add_key_bit
 .text.del_key_bit
                0x00002d00       0x30 .build/obj_tm_keyboard_default/protocol/report.o
                0x00002d00                del_key_bit
 .text.add_key_to_report
                0x00002d30       0x2e .build/obj_tm_keyboard_default/protocol/report.o
                0x00002d30                add_key_to_report
 .text.del_key_from_report
                0x00002d5e       0x2e .build/obj_tm_keyboard_default/protocol/report.o
                0x00002d5e                del_key_from_report
 .text.clear_keys_from_report
                0x00002d8c       0x34 .build/obj_tm_keyboard_default/protocol/report.o
                0x00002d8c                clear_keys_from_report
 .text.has_mouse_report_changed
                0x00002dc0       0x5a .build/obj_tm_keyboard_default/protocol/report.o
                0x00002dc0                has_mouse_report_changed
 .text.notify_usb_device_state_change_user
                0x00002e1a        0x2 .build/obj_tm_keyboard_default/protocol/usb_device_state.o
                0x00002e1a                notify_usb_device_state_change_user
 .text.notify_usb_device_state_change_kb
                0x00002e1c        0x6 .build/obj_tm_keyboard_default/protocol/usb_device_state.o
                0x00002e1c                notify_usb_device_state_change_kb
 .text.usb_device_state_set_configuration
                0x00002e22        0xc .build/obj_tm_keyboard_default/protocol/usb_device_state.o
                0x00002e22                usb_device_state_set_configuration
 .text.usb_device_state_set_suspend
                0x00002e2e        0xc .build/obj_tm_keyboard_default/protocol/usb_device_state.o
                0x00002e2e                usb_device_state_set_suspend
 .text.usb_device_state_set_resume
                0x00002e3a        0x6 .build/obj_tm_keyboard_default/protocol/usb_device_state.o
                0x00002e3a                usb_device_state_set_resume
 .text.usb_device_state_set_reset
                0x00002e40        0xc .build/obj_tm_keyboard_default/protocol/usb_device_state.o
                0x00002e40                usb_device_state_set_reset
 .text.usb_device_state_init
                0x00002e4c        0x6 .build/obj_tm_keyboard_default/protocol/usb_device_state.o
                0x00002e4c                usb_device_state_init
 .text.suspend_wakeup_init_user
                0x00002e52        0x2 .build/obj_tm_keyboard_default/platforms/suspend.o
                0x00002e52                suspend_wakeup_init_user
 .text.suspend_power_down_user
                0x00002e54        0x2 .build/obj_tm_keyboard_default/platforms/suspend.o
                0x00002e54                suspend_power_down_user
 .text.suspend_power_down_kb
                0x00002e56        0x6 .build/obj_tm_keyboard_default/platforms/suspend.o
                0x00002e56                suspend_power_down_kb
 .text.matrix_power_up
                0x00002e5c        0x2 .build/obj_tm_keyboard_default/platforms/suspend.o
                0x00002e5c                matrix_power_up
 .text.matrix_power_down
                0x00002e5e        0x2 .build/obj_tm_keyboard_default/platforms/suspend.o
                0x00002e5e                matrix_power_down
 .text.suspend_wakeup_init_kb
                0x00002e60        0x6 .build/obj_tm_keyboard_default/platforms/suspend.o
                0x00002e60                suspend_wakeup_init_kb
 .text.suspend_wakeup_condition
                0x00002e66       0x2a .build/obj_tm_keyboard_default/platforms/suspend.o
                0x00002e66                suspend_wakeup_condition
 .text.platform_setup
                0x00002e90        0xe .build/obj_tm_keyboard_default/platforms/avr/platform.o
                0x00002e90                platform_setup
 .text.__vector_12
                0x00002e9e       0x4e .build/obj_tm_keyboard_default/platforms/avr/suspend.o
                0x00002e9e                __vector_12
 .text.suspend_power_down
                0x00002eec       0x56 .build/obj_tm_keyboard_default/platforms/avr/suspend.o
                0x00002eec                suspend_power_down
 .text.suspend_wakeup_init
                0x00002f42        0xa .build/obj_tm_keyboard_default/platforms/avr/suspend.o
                0x00002f42                suspend_wakeup_init
 .text.timer_init
                0x00002f4c       0x12 .build/obj_tm_keyboard_default/platforms/avr/timer.o
                0x00002f4c                timer_init
 .text.timer_read
                0x00002f5e       0x18 .build/obj_tm_keyboard_default/platforms/avr/timer.o
                0x00002f5e                timer_read
 .text.timer_read32
                0x00002f76       0x3a .build/obj_tm_keyboard_default/platforms/avr/timer.o
                0x00002f76                timer_read32
 .text.timer_elapsed
                0x00002fb0       0x1e .build/obj_tm_keyboard_default/platforms/avr/timer.o
                0x00002fb0                timer_elapsed
 .text.__vector_21
                0x00002fce       0x48 .build/obj_tm_keyboard_default/platforms/avr/timer.o
                0x00002fce                __vector_21
 .text.bootloader_jump
                0x00003016       0x48 .build/obj_tm_keyboard_default/platforms/avr/bootloaders/dfu.o
                0x00003016                bootloader_jump
 .text.mcu_reset
                0x0000305e       0x16 .build/obj_tm_keyboard_default/platforms/avr/bootloaders/dfu.o
                0x0000305e                mcu_reset
 .text.keyboard_leds
                0x00003074        0x6 .build/obj_tm_keyboard_default/lufa.o
 .text.send_report
                0x0000307a       0x48 .build/obj_tm_keyboard_default/lufa.o
                0x0000307a                send_report
 .text.send_extra
                0x000030c2        0xe .build/obj_tm_keyboard_default/lufa.o
 .text.send_mouse
                0x000030d0        0xe .build/obj_tm_keyboard_default/lufa.o
 .text.send_nkro
                0x000030de        0xe .build/obj_tm_keyboard_default/lufa.o
 .text.send_keyboard
                0x000030ec       0x2e .build/obj_tm_keyboard_default/lufa.o
 .text.EVENT_USB_Device_Connect
                0x0000311a       0x1c .build/obj_tm_keyboard_default/lufa.o
                0x0000311a                EVENT_USB_Device_Connect
 .text.EVENT_USB_Device_Disconnect
                0x00003136        0x6 .build/obj_tm_keyboard_default/lufa.o
                0x00003136                EVENT_USB_Device_Disconnect
 .text.EVENT_USB_Device_Reset
                0x0000313c        0x6 .build/obj_tm_keyboard_default/lufa.o
                0x0000313c                EVENT_USB_Device_Reset
 .text.EVENT_USB_Device_Suspend
                0x00003142       0x12 .build/obj_tm_keyboard_default/lufa.o
                0x00003142                EVENT_USB_Device_Suspend
 .text.EVENT_USB_Device_WakeUp
                0x00003154       0x16 .build/obj_tm_keyboard_default/lufa.o
                0x00003154                EVENT_USB_Device_WakeUp
 .text.EVENT_USB_Device_ConfigurationChanged
                0x0000316a       0x2a .build/obj_tm_keyboard_default/lufa.o
                0x0000316a                EVENT_USB_Device_ConfigurationChanged
 .text.EVENT_USB_Device_ControlRequest
                0x00003194      0x172 .build/obj_tm_keyboard_default/lufa.o
                0x00003194                EVENT_USB_Device_ControlRequest
 .text.protocol_setup
                0x00003306       0x34 .build/obj_tm_keyboard_default/lufa.o
                0x00003306                protocol_setup
 .text.protocol_pre_init
                0x0000333a       0x1a .build/obj_tm_keyboard_default/lufa.o
                0x0000333a                protocol_pre_init
 .text.protocol_post_init
                0x00003354        0xa .build/obj_tm_keyboard_default/lufa.o
                0x00003354                protocol_post_init
 .text.protocol_pre_task
                0x0000335e       0x34 .build/obj_tm_keyboard_default/lufa.o
                0x0000335e                protocol_pre_task
 .text.protocol_post_task
                0x00003392        0x2 .build/obj_tm_keyboard_default/lufa.o
                0x00003392                protocol_post_task
 .text.CALLBACK_USB_GetDescriptor
                0x00003394       0x10 .build/obj_tm_keyboard_default/lufa.o
                0x00003394                CALLBACK_USB_GetDescriptor
 .text.get_usb_descriptor
                0x000033a4       0xb2 .build/obj_tm_keyboard_default/usb_descriptor.o
                0x000033a4                get_usb_descriptor
 .text.USB_Device_SendRemoteWakeup
                0x00003456       0x2c .build/obj_tm_keyboard_default/lib/lufa/LUFA/Drivers/USB/Core/AVR8/Device_AVR8.o
                0x00003456                USB_Device_SendRemoteWakeup
 .text.Endpoint_Write_Stream_LE
                0x00003482       0x9e .build/obj_tm_keyboard_default/lib/lufa/LUFA/Drivers/USB/Core/AVR8/EndpointStream_AVR8.o
                0x00003482                Endpoint_Write_Stream_LE
 .text.Endpoint_Write_Control_Stream_LE
                0x00003520       0xb4 .build/obj_tm_keyboard_default/lib/lufa/LUFA/Drivers/USB/Core/AVR8/EndpointStream_AVR8.o
                0x00003520                Endpoint_Write_Control_Stream_LE
 .text.Endpoint_Write_Control_PStream_LE
                0x000035d4       0xb6 .build/obj_tm_keyboard_default/lib/lufa/LUFA/Drivers/USB/Core/AVR8/EndpointStream_AVR8.o
                0x000035d4                Endpoint_Write_Control_PStream_LE
 .text.Endpoint_ConfigureEndpoint_Prv
                0x0000368a       0x68 .build/obj_tm_keyboard_default/lib/lufa/LUFA/Drivers/USB/Core/AVR8/Endpoint_AVR8.o
                0x0000368a                Endpoint_ConfigureEndpoint_Prv
 .text.Endpoint_ClearStatusStage
                0x000036f2       0x3e .build/obj_tm_keyboard_default/lib/lufa/LUFA/Drivers/USB/Core/AVR8/Endpoint_AVR8.o
                0x000036f2                Endpoint_ClearStatusStage
 .text.Endpoint_WaitUntilReady
                0x00003730       0x62 .build/obj_tm_keyboard_default/lib/lufa/LUFA/Drivers/USB/Core/AVR8/Endpoint_AVR8.o
                0x00003730                Endpoint_WaitUntilReady
 .text.USB_Disable
                0x00003792       0x34 .build/obj_tm_keyboard_default/lib/lufa/LUFA/Drivers/USB/Core/AVR8/USBController_AVR8.o
                0x00003792                USB_Disable
 .text.USB_ResetInterface
                0x000037c6       0x86 .build/obj_tm_keyboard_default/lib/lufa/LUFA/Drivers/USB/Core/AVR8/USBController_AVR8.o
                0x000037c6                USB_ResetInterface
 .text.USB_Init
                0x0000384c       0x24 .build/obj_tm_keyboard_default/lib/lufa/LUFA/Drivers/USB/Core/AVR8/USBController_AVR8.o
                0x0000384c                USB_Init
 .text.USB_INT_DisableAllInterrupts
                0x00003870       0x10 .build/obj_tm_keyboard_default/lib/lufa/LUFA/Drivers/USB/Core/AVR8/USBInterrupt_AVR8.o
                0x00003870                USB_INT_DisableAllInterrupts
 .text.USB_INT_ClearAllInterrupts
                0x00003880        0xa .build/obj_tm_keyboard_default/lib/lufa/LUFA/Drivers/USB/Core/AVR8/USBInterrupt_AVR8.o
                0x00003880                USB_INT_ClearAllInterrupts
 .text.__vector_10
                0x0000388a      0x1a6 .build/obj_tm_keyboard_default/lib/lufa/LUFA/Drivers/USB/Core/AVR8/USBInterrupt_AVR8.o
                0x0000388a                __vector_10
 .text.__vector_11
                0x00003a30       0x92 .build/obj_tm_keyboard_default/lib/lufa/LUFA/Drivers/USB/Core/AVR8/USBInterrupt_AVR8.o
                0x00003a30                __vector_11
 .text.USB_Device_ProcessControlRequest
                0x00003ac2      0x28e .build/obj_tm_keyboard_default/lib/lufa/LUFA/Drivers/USB/Core/DeviceStandardReq.o
                0x00003ac2                USB_Device_ProcessControlRequest
 .text.USB_Event_Stub
                0x00003d50        0x2 .build/obj_tm_keyboard_default/lib/lufa/LUFA/Drivers/USB/Core/Events.o
                0x00003d50                EVENT_USB_Device_StartOfFrame
                0x00003d50                USB_Event_Stub
 .text.USB_USBTask
                0x00003d52       0x34 .build/obj_tm_keyboard_default/lib/lufa/LUFA/Drivers/USB/Core/USBTask.o
                0x00003d52                USB_USBTask
 .text.libgcc.div
                0x00003d86       0x28 c:/qmk_msys/mingw64/bin/../lib/gcc/avr/12.2.0/avr5\libgcc.a(_divmodhi4.o)
                0x00003d86                _div
                0x00003d86                __divmodhi4
 .text.libgcc   0x00003dae        0xc c:/qmk_msys/mingw64/bin/../lib/gcc/avr/12.2.0/avr5\libgcc.a(_tablejump2.o)
                0x00003dae                __tablejump2__
 .text.libgcc.prologue
                0x00003dba       0x38 c:/qmk_msys/mingw64/bin/../lib/gcc/avr/12.2.0/avr5\libgcc.a(_prologue.o)
                0x00003dba                __prologue_saves__
 .text.libgcc.prologue
                0x00003df2       0x36 c:/qmk_msys/mingw64/bin/../lib/gcc/avr/12.2.0/avr5\libgcc.a(_epilogue.o)
                0x00003df2                __epilogue_restores__
 .text.libgcc.div
                0x00003e28       0x28 c:/qmk_msys/mingw64/bin/../lib/gcc/avr/12.2.0/avr5\libgcc.a(_udivmodhi4.o)
                0x00003e28                __udivmodhi4
 .text.avr-libc
                0x00003e50       0x1a c:/qmk_msys/mingw64/bin/../lib/gcc/avr/12.2.0/../../../../avr/lib/avr5\libc.a(memcmp.o)
                0x00003e50                memcmp
 .text.avr-libc
                0x00003e6a       0x12 c:/qmk_msys/mingw64/bin/../lib/gcc/avr/12.2.0/../../../../avr/lib/avr5\libc.a(memcpy.o)
                0x00003e6a                memcpy
 .text.avr-libc
                0x00003e7c       0x10 c:/qmk_msys/mingw64/bin/../lib/gcc/avr/12.2.0/../../../../avr/lib/avr5\libatmega32u4.a(eerd_byte.o)
                0x00003e7c                eeprom_read_byte
 .text.avr-libc
                0x00003e8c        0xc c:/qmk_msys/mingw64/bin/../lib/gcc/avr/12.2.0/../../../../avr/lib/avr5\libatmega32u4.a(eerd_word.o)
                0x00003e8c                eeprom_read_word
 .text.avr-libc
                0x00003e98       0x20 c:/qmk_msys/mingw64/bin/../lib/gcc/avr/12.2.0/../../../../avr/lib/avr5\libatmega32u4.a(eeupd_block.o)
                0x00003e98                eeprom_update_block
 .text.avr-libc
                0x00003eb8       0x24 c:/qmk_msys/mingw64/bin/../lib/gcc/avr/12.2.0/../../../../avr/lib/avr5\libatmega32u4.a(eeupd_byte.o)
                0x00003eb8                eeprom_update_byte
                0x00003eba                eeprom_update_r18
 .text.avr-libc
                0x00003edc       0x18 c:/qmk_msys/mingw64/bin/../lib/gcc/avr/12.2.0/../../../../avr/lib/avr5\libatmega32u4.a(eeupd_dword.o)
                0x00003edc                eeprom_update_float
                0x00003edc                eeprom_update_dword
 .text.avr-libc
                0x00003ef4        0xc c:/qmk_msys/mingw64/bin/../lib/gcc/avr/12.2.0/../../../../avr/lib/avr5\libatmega32u4.a(eeupd_word.o)
                0x00003ef4                eeprom_update_word
 .text.avr-libc
                0x00003f00       0x20 c:/qmk_msys/mingw64/bin/../lib/gcc/avr/12.2.0/../../../../avr/lib/avr5\libatmega32u4.a(eerd_block.o)
                0x00003f00                eeprom_read_block
                0x00003f04                eeprom_read_blraw
                0x00003f20                        . = ALIGN (0x2)
 *(.fini9)
 .fini9         0x00003f20        0x0 c:/qmk_msys/mingw64/bin/../lib/gcc/avr/12.2.0/avr5\libgcc.a(_exit.o)
                0x00003f20                _exit
                0x00003f20                exit
 *(.fini9)
 *(.fini8)
 *(.fini8)
 *(.fini7)
 *(.fini7)
 *(.fini6)
 *(.fini6)
 *(.fini5)
 *(.fini5)
 *(.fini4)
 *(.fini4)
 *(.fini3)
 *(.fini3)
 *(.fini2)
 *(.fini2)
 *(.fini1)
 *(.fini1)
 *(.fini0)
 .fini0         0x00003f20        0x4 c:/qmk_msys/mingw64/bin/../lib/gcc/avr/12.2.0/avr5\libgcc.a(_exit.o)
 *(.fini0)
 *(.hightext)
 *(.hightext*)
 *(.progmemx.*)
                0x00003f24                        . = ALIGN (0x2)
 *(.jumptables)
 *(.jumptables*)
 .jumptables.gcc.process_action
                0x00003f24       0x18 .build/obj_tm_keyboard_default/quantum/action.o
 .jumptables.gcc.process_magic
                0x00003f3c       0x44 .build/obj_tm_keyboard_default/quantum/process_keycode/process_magic.o
 .jumptables.gcc.mousekey_on
                0x00003f80       0x24 .build/obj_tm_keyboard_default/quantum/mousekey.o
 .jumptables.gcc.process_space_cadet
                0x00003fa4        0xe .build/obj_tm_keyboard_default/quantum/process_keycode/process_space_cadet.o
 .jumptables.gcc.USB_Device_ProcessControlRequest
                0x00003fb2       0x14 .build/obj_tm_keyboard_default/lib/lufa/LUFA/Drivers/USB/Core/DeviceStandardReq.o
                0x00003fc6                        _etext = .

.data           0x00800100       0x98 load address 0x00003fc6
                0x00800100                        PROVIDE (__data_start = .)
 *(.data)
 *(.data*)
 .data.nkro_report
                0x00800100        0x2 .build/obj_tm_keyboard_default/quantum/action_util.o
                0x00800100                nkro_report
 .data.keyboard_report
                0x00800102        0x2 .build/obj_tm_keyboard_default/quantum/action_util.o
                0x00800102                keyboard_report
 .data.mk_wheel_time_to_max
                0x00800104        0x1 .build/obj_tm_keyboard_default/quantum/mousekey.o
                0x00800104                mk_wheel_time_to_max
 .data.mk_wheel_max_speed
                0x00800105        0x1 .build/obj_tm_keyboard_default/quantum/mousekey.o
                0x00800105                mk_wheel_max_speed
 .data.mk_wheel_interval
                0x00800106        0x1 .build/obj_tm_keyboard_default/quantum/mousekey.o
                0x00800106                mk_wheel_interval
 .data.mk_wheel_delay
                0x00800107        0x1 .build/obj_tm_keyboard_default/quantum/mousekey.o
                0x00800107                mk_wheel_delay
 .data.mk_time_to_max
                0x00800108        0x1 .build/obj_tm_keyboard_default/quantum/mousekey.o
                0x00800108                mk_time_to_max
 .data.mk_max_speed
                0x00800109        0x1 .build/obj_tm_keyboard_default/quantum/mousekey.o
                0x00800109                mk_max_speed
 .data.mk_interval
                0x0080010a        0x1 .build/obj_tm_keyboard_default/quantum/mousekey.o
                0x0080010a                mk_interval
 .data.mk_delay
                0x0080010b        0x1 .build/obj_tm_keyboard_default/quantum/mousekey.o
                0x0080010b                mk_delay
 .data.lufa_driver
                0x0080010c        0xa .build/obj_tm_keyboard_default/lufa.o
                0x0080010c                lufa_driver
 .data.keyboard_protocol
                0x00800116        0x1 .build/obj_tm_keyboard_default/lufa.o
                0x00800116                keyboard_protocol
 *(.gnu.linkonce.d*)
 *(.rodata)
 *(.rodata*)
 .rodata.CSWTCH.10
                0x00800117       0x36 .build/obj_tm_keyboard_default/quantum/action.o
 .rodata.CSWTCH.3
                0x0080014d       0x36 .build/obj_tm_keyboard_default/quantum/keymap_common.o
 .rodata.col_pins
                0x00800183        0xe .build/obj_tm_keyboard_default/quantum/matrix.o
 .rodata.row_pins
                0x00800191        0x6 .build/obj_tm_keyboard_default/quantum/matrix.o
 *(.gnu.linkonce.r*)
                0x00800198                        . = ALIGN (0x2)
 *fill*         0x00800197        0x1 
                0x00800198                        _edata = .
                0x00800198                        PROVIDE (__data_end = .)

.bss            0x00800198      0x136
                0x00800198                        PROVIDE (__bss_start = .)
 *(.bss)
 .bss           0x00800198        0x2 .build/obj_tm_keyboard_default/platforms/avr/xprintf.o
                0x00800198                xfunc_out
 *(.bss*)
 .bss.last_led_status.0
                0x0080019a        0x1 .build/obj_tm_keyboard_default/quantum/led.o
 .bss.last_led_modification_time
                0x0080019b        0x4 .build/obj_tm_keyboard_default/quantum/led.o
 .bss.disable_action_cache
                0x0080019f        0x1 .build/obj_tm_keyboard_default/quantum/action.o
                0x0080019f                disable_action_cache
 .bss.source_layers_cache
                0x008001a0       0x2c .build/obj_tm_keyboard_default/quantum/action_layer.o
                0x008001a0                source_layers_cache
 .bss.layer_state
                0x008001cc        0x2 .build/obj_tm_keyboard_default/quantum/action_layer.o
                0x008001cc                layer_state
 .bss.default_layer_state
                0x008001ce        0x2 .build/obj_tm_keyboard_default/quantum/action_layer.o
                0x008001ce                default_layer_state
 .bss.waiting_buffer_tail
                0x008001d0        0x1 .build/obj_tm_keyboard_default/quantum/action_tapping.o
 .bss.waiting_buffer_head
                0x008001d1        0x1 .build/obj_tm_keyboard_default/quantum/action_tapping.o
 .bss.waiting_buffer
                0x008001d2       0x38 .build/obj_tm_keyboard_default/quantum/action_tapping.o
 .bss.tapping_key
                0x0080020a        0x7 .build/obj_tm_keyboard_default/quantum/action_tapping.o
 .bss.last_report.0
                0x00800211       0x20 .build/obj_tm_keyboard_default/quantum/action_util.o
 .bss.last_report.1
                0x00800231        0x8 .build/obj_tm_keyboard_default/quantum/action_util.o
 .bss.oneshot_layer_data
                0x00800239        0x1 .build/obj_tm_keyboard_default/quantum/action_util.o
 .bss.oneshot_locked_mods
                0x0080023a        0x1 .build/obj_tm_keyboard_default/quantum/action_util.o
 .bss.oneshot_mods
                0x0080023b        0x1 .build/obj_tm_keyboard_default/quantum/action_util.o
 .bss.__compound_literal.1
                0x0080023c       0x20 .build/obj_tm_keyboard_default/quantum/action_util.o
 .bss.__compound_literal.0
                0x0080025c        0x8 .build/obj_tm_keyboard_default/quantum/action_util.o
 .bss.weak_mods
                0x00800264        0x1 .build/obj_tm_keyboard_default/quantum/action_util.o
 .bss.real_mods
                0x00800265        0x1 .build/obj_tm_keyboard_default/quantum/action_util.o
 .bss.last_tick.0
                0x00800266        0x2 .build/obj_tm_keyboard_default/quantum/keyboard.o
 .bss.matrix_previous.1
                0x00800268        0xc .build/obj_tm_keyboard_default/quantum/keyboard.o
 .bss.last_matrix_modification_time
                0x00800274        0x4 .build/obj_tm_keyboard_default/quantum/keyboard.o
 .bss.last_input_modification_time
                0x00800278        0x4 .build/obj_tm_keyboard_default/quantum/keyboard.o
 .bss.debug_config
                0x0080027c        0x1 .build/obj_tm_keyboard_default/quantum/logging/debug.o
                0x0080027c                debug_config
 .bss.debouncing_time
                0x0080027d        0x2 .build/obj_tm_keyboard_default/quantum/debounce/sym_defer_g.o
 .bss.debouncing
                0x0080027f        0x1 .build/obj_tm_keyboard_default/quantum/debounce/sym_defer_g.o
 .bss.grave_esc_was_shifted
                0x00800280        0x1 .build/obj_tm_keyboard_default/quantum/process_keycode/process_grave_esc.o
 .bss.last_timer_w
                0x00800281        0x2 .build/obj_tm_keyboard_default/quantum/mousekey.o
 .bss.last_timer_c
                0x00800283        0x2 .build/obj_tm_keyboard_default/quantum/mousekey.o
 .bss.mousekey_wheel_repeat
                0x00800285        0x1 .build/obj_tm_keyboard_default/quantum/mousekey.o
 .bss.mousekey_repeat
                0x00800286        0x1 .build/obj_tm_keyboard_default/quantum/mousekey.o
 .bss.mousekey_accel
                0x00800287        0x1 .build/obj_tm_keyboard_default/quantum/mousekey.o
 .bss.mouse_report
                0x00800288        0x6 .build/obj_tm_keyboard_default/quantum/mousekey.o
 .bss.sc_timer  0x0080028e        0x2 .build/obj_tm_keyboard_default/quantum/process_keycode/process_space_cadet.o
 .bss.sc_last   0x00800290        0x1 .build/obj_tm_keyboard_default/quantum/process_keycode/process_space_cadet.o
 .bss.last_consumer_usage
                0x00800291        0x2 .build/obj_tm_keyboard_default/protocol/host.o
 .bss.last_system_usage
                0x00800293        0x2 .build/obj_tm_keyboard_default/protocol/host.o
 .bss.driver    0x00800295        0x2 .build/obj_tm_keyboard_default/protocol/host.o
 .bss.usb_device_state
                0x00800297        0x1 .build/obj_tm_keyboard_default/protocol/usb_device_state.o
                0x00800297                usb_device_state
 .bss.wdt_timeout
                0x00800298        0x1 .build/obj_tm_keyboard_default/platforms/avr/suspend.o
 .bss.keyboard_report_sent
                0x00800299        0x8 .build/obj_tm_keyboard_default/lufa.o
 .bss.keyboard_led_state
                0x008002a1        0x1 .build/obj_tm_keyboard_default/lufa.o
 .bss.keyboard_idle
                0x008002a2        0x1 .build/obj_tm_keyboard_default/lufa.o
                0x008002a2                keyboard_idle
 *(COMMON)
 COMMON         0x008002a3        0x2 .build/obj_tm_keyboard_default/quantum/keycode_config.o
                0x008002a3                keymap_config
 COMMON         0x008002a5       0x18 .build/obj_tm_keyboard_default/quantum/matrix_common.o
                0x008002a5                raw_matrix
                0x008002b1                matrix
 COMMON         0x008002bd        0x4 .build/obj_tm_keyboard_default/platforms/avr/timer.o
                0x008002bd                timer_count
 COMMON         0x008002c1        0x3 .build/obj_tm_keyboard_default/lib/lufa/LUFA/Drivers/USB/Core/DeviceStandardReq.o
                0x008002c1                USB_Device_ConfigurationNumber
                0x008002c2                USB_Device_CurrentlySelfPowered
                0x008002c3                USB_Device_RemoteWakeupEnabled
 COMMON         0x008002c4        0xa .build/obj_tm_keyboard_default/lib/lufa/LUFA/Drivers/USB/Core/USBTask.o
                0x008002c4                USB_IsInitialized
                0x008002c5                USB_DeviceState
                0x008002c6                USB_ControlRequest
                0x008002ce                        PROVIDE (__bss_end = .)
                0x00003fc6                        __data_load_start = LOADADDR (.data)
                0x0000405e                        __data_load_end = (__data_load_start + SIZEOF (.data))

.noinit         0x008002ce        0x4
                [!provide]                        PROVIDE (__noinit_start = .)
 *(.noinit .noinit.* .gnu.linkonce.n.*)
 .noinit        0x008002ce        0x4 .build/obj_tm_keyboard_default/platforms/avr/bootloaders/dfu.o
                0x008002ce                reset_key
                [!provide]                        PROVIDE (__noinit_end = .)
                0x008002d2                        _end = .
                [!provide]                        PROVIDE (__heap_start = .)

.eeprom         0x00810000        0x0
 *(.eeprom*)
                0x00810000                        __eeprom_end = .

.fuse
 *(.fuse)
 *(.lfuse)
 *(.hfuse)
 *(.efuse)

.lock
 *(.lock*)

.signature
 *(.signature*)

.stab
 *(.stab)

.stabstr
 *(.stabstr)

.stab.excl
 *(.stab.excl)

.stab.exclstr
 *(.stab.exclstr)

.stab.index
 *(.stab.index)

.stab.indexstr
 *(.stab.indexstr)

.comment        0x00000000       0x12
 *(.comment)
 .comment       0x00000000       0x12 .build/obj_tm_keyboard_default/quantum/keymap_introspection.o
                                 0x13 (size before relaxing)
 .comment       0x00000012       0x13 .build/obj_tm_keyboard_default/quantum/quantum.o
 .comment       0x00000012       0x13 .build/obj_tm_keyboard_default/quantum/led.o
 .comment       0x00000012       0x13 .build/obj_tm_keyboard_default/quantum/action.o
 .comment       0x00000012       0x13 .build/obj_tm_keyboard_default/quantum/action_layer.o
 .comment       0x00000012       0x13 .build/obj_tm_keyboard_default/quantum/action_tapping.o
 .comment       0x00000012       0x13 .build/obj_tm_keyboard_default/quantum/action_util.o
 .comment       0x00000012       0x13 .build/obj_tm_keyboard_default/quantum/eeconfig.o
 .comment       0x00000012       0x13 .build/obj_tm_keyboard_default/quantum/keyboard.o
 .comment       0x00000012       0x13 .build/obj_tm_keyboard_default/quantum/keymap_common.o
 .comment       0x00000012       0x13 .build/obj_tm_keyboard_default/quantum/keycode_config.o
 .comment       0x00000012       0x13 .build/obj_tm_keyboard_default/quantum/logging/debug.o
 .comment       0x00000012       0x13 .build/obj_tm_keyboard_default/quantum/logging/sendchar.o
 .comment       0x00000012       0x13 .build/obj_tm_keyboard_default/quantum/matrix_common.o
 .comment       0x00000012       0x13 .build/obj_tm_keyboard_default/quantum/matrix.o
 .comment       0x00000012       0x13 .build/obj_tm_keyboard_default/quantum/debounce/sym_defer_g.o
 .comment       0x00000012       0x13 .build/obj_tm_keyboard_default/quantum/main.o
 .comment       0x00000012       0x13 .build/obj_tm_keyboard_default/platforms/avr/printf.o
 .comment       0x00000012       0x13 .build/obj_tm_keyboard_default/quantum/bootmagic/bootmagic.o
 .comment       0x00000012       0x13 .build/obj_tm_keyboard_default/quantum/process_keycode/process_grave_esc.o
 .comment       0x00000012       0x13 .build/obj_tm_keyboard_default/quantum/process_keycode/process_magic.o
 .comment       0x00000012       0x13 .build/obj_tm_keyboard_default/quantum/mousekey.o
 .comment       0x00000012       0x13 .build/obj_tm_keyboard_default/quantum/process_keycode/process_space_cadet.o
 .comment       0x00000012       0x13 .build/obj_tm_keyboard_default/protocol/host.o
 .comment       0x00000012       0x13 .build/obj_tm_keyboard_default/protocol/report.o
 .comment       0x00000012       0x13 .build/obj_tm_keyboard_default/protocol/usb_device_state.o
 .comment       0x00000012       0x13 .build/obj_tm_keyboard_default/platforms/suspend.o
 .comment       0x00000012       0x13 .build/obj_tm_keyboard_default/platforms/avr/platform.o
 .comment       0x00000012       0x13 .build/obj_tm_keyboard_default/platforms/avr/suspend.o
 .comment       0x00000012       0x13 .build/obj_tm_keyboard_default/platforms/avr/timer.o
 .comment       0x00000012       0x13 .build/obj_tm_keyboard_default/platforms/avr/bootloaders/dfu.o
 .comment       0x00000012       0x13 .build/obj_tm_keyboard_default/lufa.o
 .comment       0x00000012       0x13 .build/obj_tm_keyboard_default/usb_descriptor.o
 .comment       0x00000012       0x13 .build/obj_tm_keyboard_default/lib/lufa/LUFA/Drivers/USB/Core/AVR8/Device_AVR8.o
 .comment       0x00000012       0x13 .build/obj_tm_keyboard_default/lib/lufa/LUFA/Drivers/USB/Core/AVR8/EndpointStream_AVR8.o
 .comment       0x00000012       0x13 .build/obj_tm_keyboard_default/lib/lufa/LUFA/Drivers/USB/Core/AVR8/Endpoint_AVR8.o
 .comment       0x00000012       0x13 .build/obj_tm_keyboard_default/lib/lufa/LUFA/Drivers/USB/Core/AVR8/USBController_AVR8.o
 .comment       0x00000012       0x13 .build/obj_tm_keyboard_default/lib/lufa/LUFA/Drivers/USB/Core/AVR8/USBInterrupt_AVR8.o
 .comment       0x00000012       0x13 .build/obj_tm_keyboard_default/lib/lufa/LUFA/Drivers/USB/Core/DeviceStandardReq.o
 .comment       0x00000012       0x13 .build/obj_tm_keyboard_default/lib/lufa/LUFA/Drivers/USB/Core/Events.o
 .comment       0x00000012       0x13 .build/obj_tm_keyboard_default/lib/lufa/LUFA/Drivers/USB/Core/USBTask.o

.note.gnu.avr.deviceinfo
                0x00000000       0x40
 .note.gnu.avr.deviceinfo
                0x00000000       0x40 c:/qmk_msys/mingw64/bin/../lib/gcc/avr/12.2.0/../../../../avr/lib/avr5/crtatmega32u4.o

.gnu.build.attributes
 *(.gnu.build.attributes .gnu.build.attributes.*)

.note.gnu.build-id
 *(.note.gnu.build-id)

.debug
 *(.debug)

.line
 *(.line)

.debug_srcinfo
 *(.debug_srcinfo)

.debug_sfnames
 *(.debug_sfnames)

.debug_aranges  0x00000000      0xf98
 *(.debug_aranges)
 .debug_aranges
                0x00000000       0x38 .build/obj_tm_keyboard_default/quantum/keymap_introspection.o
 .debug_aranges
                0x00000038      0x100 .build/obj_tm_keyboard_default/quantum/quantum.o
 .debug_aranges
                0x00000138       0x70 .build/obj_tm_keyboard_default/quantum/led.o
 .debug_aranges
                0x000001a8       0xe0 .build/obj_tm_keyboard_default/quantum/action.o
 .debug_aranges
                0x00000288      0x110 .build/obj_tm_keyboard_default/quantum/action_layer.o
 .debug_aranges
                0x00000398       0x48 .build/obj_tm_keyboard_default/quantum/action_tapping.o
 .debug_aranges
                0x000003e0      0x188 .build/obj_tm_keyboard_default/quantum/action_util.o
 .debug_aranges
                0x00000568       0xd8 .build/obj_tm_keyboard_default/quantum/eeconfig.o
 .debug_aranges
                0x00000640      0x110 .build/obj_tm_keyboard_default/quantum/keyboard.o
 .debug_aranges
                0x00000750       0x30 .build/obj_tm_keyboard_default/quantum/keymap_common.o
 .debug_aranges
                0x00000780       0x28 .build/obj_tm_keyboard_default/quantum/keycode_config.o
 .debug_aranges
                0x000007a8       0x18 .build/obj_tm_keyboard_default/quantum/logging/debug.o
 .debug_aranges
                0x000007c0       0x20 .build/obj_tm_keyboard_default/quantum/logging/sendchar.o
 .debug_aranges
                0x000007e0       0xa0 .build/obj_tm_keyboard_default/quantum/matrix_common.o
 .debug_aranges
                0x00000880       0x40 .build/obj_tm_keyboard_default/quantum/matrix.o
 .debug_aranges
                0x000008c0       0x30 .build/obj_tm_keyboard_default/quantum/debounce/sym_defer_g.o
 .debug_aranges
                0x000008f0       0x28 .build/obj_tm_keyboard_default/quantum/main.o
 .debug_aranges
                0x00000918       0x20 .build/obj_tm_keyboard_default/platforms/avr/printf.o
 .debug_aranges
                0x00000938       0x38 .build/obj_tm_keyboard_default/quantum/bootmagic/bootmagic.o
 .debug_aranges
                0x00000970       0x20 .build/obj_tm_keyboard_default/quantum/process_keycode/process_grave_esc.o
 .debug_aranges
                0x00000990       0x20 .build/obj_tm_keyboard_default/quantum/process_keycode/process_magic.o
 .debug_aranges
                0x000009b0       0x68 .build/obj_tm_keyboard_default/quantum/mousekey.o
 .debug_aranges
                0x00000a18       0x30 .build/obj_tm_keyboard_default/quantum/process_keycode/process_space_cadet.o
 .debug_aranges
                0x00000a48       0x88 .build/obj_tm_keyboard_default/protocol/host.o
 .debug_aranges
                0x00000ad0       0x70 .build/obj_tm_keyboard_default/protocol/report.o
 .debug_aranges
                0x00000b40       0x50 .build/obj_tm_keyboard_default/protocol/usb_device_state.o
 .debug_aranges
                0x00000b90       0x50 .build/obj_tm_keyboard_default/platforms/suspend.o
 .debug_aranges
                0x00000be0       0x20 .build/obj_tm_keyboard_default/platforms/avr/platform.o
 .debug_aranges
                0x00000c00       0x30 .build/obj_tm_keyboard_default/platforms/avr/suspend.o
 .debug_aranges
                0x00000c30       0x50 .build/obj_tm_keyboard_default/platforms/avr/timer.o
 .debug_aranges
                0x00000c80       0x30 .build/obj_tm_keyboard_default/platforms/avr/bootloaders/dfu.o
 .debug_aranges
                0x00000cb0       0xc8 .build/obj_tm_keyboard_default/lufa.o
 .debug_aranges
                0x00000d78       0x20 .build/obj_tm_keyboard_default/usb_descriptor.o
 .debug_aranges
                0x00000d98       0x20 .build/obj_tm_keyboard_default/lib/lufa/LUFA/Drivers/USB/Core/AVR8/Device_AVR8.o
 .debug_aranges
                0x00000db8       0xc8 .build/obj_tm_keyboard_default/lib/lufa/LUFA/Drivers/USB/Core/AVR8/EndpointStream_AVR8.o
 .debug_aranges
                0x00000e80       0x40 .build/obj_tm_keyboard_default/lib/lufa/LUFA/Drivers/USB/Core/AVR8/Endpoint_AVR8.o
 .debug_aranges
                0x00000ec0       0x30 .build/obj_tm_keyboard_default/lib/lufa/LUFA/Drivers/USB/Core/AVR8/USBController_AVR8.o
 .debug_aranges
                0x00000ef0       0x38 .build/obj_tm_keyboard_default/lib/lufa/LUFA/Drivers/USB/Core/AVR8/USBInterrupt_AVR8.o
 .debug_aranges
                0x00000f28       0x20 .build/obj_tm_keyboard_default/lib/lufa/LUFA/Drivers/USB/Core/DeviceStandardReq.o
 .debug_aranges
                0x00000f48       0x30 .build/obj_tm_keyboard_default/lib/lufa/LUFA/Drivers/USB/Core/Events.o
 .debug_aranges
                0x00000f78       0x20 .build/obj_tm_keyboard_default/lib/lufa/LUFA/Drivers/USB/Core/USBTask.o

.debug_pubnames
 *(.debug_pubnames)

.debug_info     0x00000000    0x2acd2
 *(.debug_info .gnu.linkonce.wi.*)
 .debug_info    0x00000000      0x9f4 c:/qmk_msys/mingw64/bin/../lib/gcc/avr/12.2.0/../../../../avr/lib/avr5/crtatmega32u4.o
 .debug_info    0x000009f4     0x24ec .build/obj_tm_keyboard_default/quantum/keymap_introspection.o
 .debug_info    0x00002ee0     0x3591 .build/obj_tm_keyboard_default/quantum/quantum.o
 .debug_info    0x00006471      0x47b .build/obj_tm_keyboard_default/quantum/led.o
 .debug_info    0x000068ec     0x3f22 .build/obj_tm_keyboard_default/quantum/action.o
 .debug_info    0x0000a80e      0xd8d .build/obj_tm_keyboard_default/quantum/action_layer.o
 .debug_info    0x0000b59b     0x2d37 .build/obj_tm_keyboard_default/quantum/action_tapping.o
 .debug_info    0x0000e2d2      0xdcb .build/obj_tm_keyboard_default/quantum/action_util.o
 .debug_info    0x0000f09d      0x915 .build/obj_tm_keyboard_default/quantum/eeconfig.o
 .debug_info    0x0000f9b2      0xc68 .build/obj_tm_keyboard_default/quantum/keyboard.o
 .debug_info    0x0001061a     0x2d14 .build/obj_tm_keyboard_default/quantum/keymap_common.o
 .debug_info    0x0001332e     0x2551 .build/obj_tm_keyboard_default/quantum/keycode_config.o
 .debug_info    0x0001587f      0x117 .build/obj_tm_keyboard_default/quantum/logging/debug.o
 .debug_info    0x00015996       0xa8 .build/obj_tm_keyboard_default/quantum/logging/sendchar.o
 .debug_info    0x00015a3e      0x54c .build/obj_tm_keyboard_default/quantum/matrix_common.o
 .debug_info    0x00015f8a      0x6fa .build/obj_tm_keyboard_default/quantum/matrix.o
 .debug_info    0x00016684      0x2e6 .build/obj_tm_keyboard_default/quantum/debounce/sym_defer_g.o
 .debug_info    0x0001696a      0x172 .build/obj_tm_keyboard_default/quantum/main.o
 .debug_info    0x00016adc       0xe7 .build/obj_tm_keyboard_default/platforms/avr/printf.o
 .debug_info    0x00016bc3      0x2a4 .build/obj_tm_keyboard_default/quantum/bootmagic/bootmagic.o
 .debug_info    0x00016e67     0x26a1 .build/obj_tm_keyboard_default/quantum/process_keycode/process_grave_esc.o
 .debug_info    0x00019508     0x26e0 .build/obj_tm_keyboard_default/quantum/process_keycode/process_magic.o
 .debug_info    0x0001bbe8     0x2947 .build/obj_tm_keyboard_default/quantum/mousekey.o
 .debug_info    0x0001e52f     0x270a .build/obj_tm_keyboard_default/quantum/process_keycode/process_space_cadet.o
 .debug_info    0x00020c39      0x80c .build/obj_tm_keyboard_default/protocol/host.o
 .debug_info    0x00021445     0x299e .build/obj_tm_keyboard_default/protocol/report.o
 .debug_info    0x00023de3      0x2ad .build/obj_tm_keyboard_default/protocol/usb_device_state.o
 .debug_info    0x00024090      0x19b .build/obj_tm_keyboard_default/platforms/suspend.o
 .debug_info    0x0002422b       0xa9 .build/obj_tm_keyboard_default/platforms/avr/platform.o
 .debug_info    0x000242d4      0x22e .build/obj_tm_keyboard_default/platforms/avr/suspend.o
 .debug_info    0x00024502      0x443 .build/obj_tm_keyboard_default/platforms/avr/timer.o
 .debug_info    0x00024945      0x238 .build/obj_tm_keyboard_default/platforms/avr/bootloaders/dfu.o
 .debug_info    0x00024b7d     0x13fe .build/obj_tm_keyboard_default/lufa.o
 .debug_info    0x00025f7b      0x836 .build/obj_tm_keyboard_default/usb_descriptor.o
 .debug_info    0x000267b1       0xfc .build/obj_tm_keyboard_default/lib/lufa/LUFA/Drivers/USB/Core/AVR8/Device_AVR8.o
 .debug_info    0x000268ad     0x1d82 .build/obj_tm_keyboard_default/lib/lufa/LUFA/Drivers/USB/Core/AVR8/EndpointStream_AVR8.o
 .debug_info    0x0002862f      0x727 .build/obj_tm_keyboard_default/lib/lufa/LUFA/Drivers/USB/Core/AVR8/Endpoint_AVR8.o
 .debug_info    0x00028d56      0x5aa .build/obj_tm_keyboard_default/lib/lufa/LUFA/Drivers/USB/Core/AVR8/USBController_AVR8.o
 .debug_info    0x00029300      0x9b2 .build/obj_tm_keyboard_default/lib/lufa/LUFA/Drivers/USB/Core/AVR8/USBInterrupt_AVR8.o
 .debug_info    0x00029cb2      0xc65 .build/obj_tm_keyboard_default/lib/lufa/LUFA/Drivers/USB/Core/DeviceStandardReq.o
 .debug_info    0x0002a917       0xf0 .build/obj_tm_keyboard_default/lib/lufa/LUFA/Drivers/USB/Core/Events.o
 .debug_info    0x0002aa07      0x2cb .build/obj_tm_keyboard_default/lib/lufa/LUFA/Drivers/USB/Core/USBTask.o

.debug_abbrev   0x00000000     0x5fea
 *(.debug_abbrev)
 .debug_abbrev  0x00000000      0x96a c:/qmk_msys/mingw64/bin/../lib/gcc/avr/12.2.0/../../../../avr/lib/avr5/crtatmega32u4.o
 .debug_abbrev  0x0000096a      0x16b .build/obj_tm_keyboard_default/quantum/keymap_introspection.o
 .debug_abbrev  0x00000ad5      0x443 .build/obj_tm_keyboard_default/quantum/quantum.o
 .debug_abbrev  0x00000f18      0x203 .build/obj_tm_keyboard_default/quantum/led.o
 .debug_abbrev  0x0000111b      0x4bc .build/obj_tm_keyboard_default/quantum/action.o
 .debug_abbrev  0x000015d7      0x328 .build/obj_tm_keyboard_default/quantum/action_layer.o
 .debug_abbrev  0x000018ff      0x359 .build/obj_tm_keyboard_default/quantum/action_tapping.o
 .debug_abbrev  0x00001c58      0x386 .build/obj_tm_keyboard_default/quantum/action_util.o
 .debug_abbrev  0x00001fde      0x1ce .build/obj_tm_keyboard_default/quantum/eeconfig.o
 .debug_abbrev  0x000021ac      0x402 .build/obj_tm_keyboard_default/quantum/keyboard.o
 .debug_abbrev  0x000025ae      0x231 .build/obj_tm_keyboard_default/quantum/keymap_common.o
 .debug_abbrev  0x000027df      0x131 .build/obj_tm_keyboard_default/quantum/keycode_config.o
 .debug_abbrev  0x00002910       0xa2 .build/obj_tm_keyboard_default/quantum/logging/debug.o
 .debug_abbrev  0x000029b2       0x6b .build/obj_tm_keyboard_default/quantum/logging/sendchar.o
 .debug_abbrev  0x00002a1d      0x298 .build/obj_tm_keyboard_default/quantum/matrix_common.o
 .debug_abbrev  0x00002cb5      0x2ec .build/obj_tm_keyboard_default/quantum/matrix.o
 .debug_abbrev  0x00002fa1      0x1f6 .build/obj_tm_keyboard_default/quantum/debounce/sym_defer_g.o
 .debug_abbrev  0x00003197       0x82 .build/obj_tm_keyboard_default/quantum/main.o
 .debug_abbrev  0x00003219       0x9d .build/obj_tm_keyboard_default/platforms/avr/printf.o
 .debug_abbrev  0x000032b6      0x1c9 .build/obj_tm_keyboard_default/quantum/bootmagic/bootmagic.o
 .debug_abbrev  0x0000347f      0x1c2 .build/obj_tm_keyboard_default/quantum/process_keycode/process_grave_esc.o
 .debug_abbrev  0x00003641      0x16c .build/obj_tm_keyboard_default/quantum/process_keycode/process_magic.o
 .debug_abbrev  0x000037ad      0x30a .build/obj_tm_keyboard_default/quantum/mousekey.o
 .debug_abbrev  0x00003ab7      0x1c2 .build/obj_tm_keyboard_default/quantum/process_keycode/process_space_cadet.o
 .debug_abbrev  0x00003c79      0x297 .build/obj_tm_keyboard_default/protocol/host.o
 .debug_abbrev  0x00003f10      0x2a9 .build/obj_tm_keyboard_default/protocol/report.o
 .debug_abbrev  0x000041b9      0x155 .build/obj_tm_keyboard_default/protocol/usb_device_state.o
 .debug_abbrev  0x0000430e      0x112 .build/obj_tm_keyboard_default/platforms/suspend.o
 .debug_abbrev  0x00004420       0x7e .build/obj_tm_keyboard_default/platforms/avr/platform.o
 .debug_abbrev  0x0000449e      0x172 .build/obj_tm_keyboard_default/platforms/avr/suspend.o
 .debug_abbrev  0x00004610      0x1ba .build/obj_tm_keyboard_default/platforms/avr/timer.o
 .debug_abbrev  0x000047ca      0x181 .build/obj_tm_keyboard_default/platforms/avr/bootloaders/dfu.o
 .debug_abbrev  0x0000494b      0x5ae .build/obj_tm_keyboard_default/lufa.o
 .debug_abbrev  0x00004ef9      0x189 .build/obj_tm_keyboard_default/usb_descriptor.o
 .debug_abbrev  0x00005082       0x91 .build/obj_tm_keyboard_default/lib/lufa/LUFA/Drivers/USB/Core/AVR8/Device_AVR8.o
 .debug_abbrev  0x00005113      0x252 .build/obj_tm_keyboard_default/lib/lufa/LUFA/Drivers/USB/Core/AVR8/EndpointStream_AVR8.o
 .debug_abbrev  0x00005365      0x29d .build/obj_tm_keyboard_default/lib/lufa/LUFA/Drivers/USB/Core/AVR8/Endpoint_AVR8.o
 .debug_abbrev  0x00005602      0x1c4 .build/obj_tm_keyboard_default/lib/lufa/LUFA/Drivers/USB/Core/AVR8/USBController_AVR8.o
 .debug_abbrev  0x000057c6      0x26e .build/obj_tm_keyboard_default/lib/lufa/LUFA/Drivers/USB/Core/AVR8/USBInterrupt_AVR8.o
 .debug_abbrev  0x00005a34      0x384 .build/obj_tm_keyboard_default/lib/lufa/LUFA/Drivers/USB/Core/DeviceStandardReq.o
 .debug_abbrev  0x00005db8       0x89 .build/obj_tm_keyboard_default/lib/lufa/LUFA/Drivers/USB/Core/Events.o
 .debug_abbrev  0x00005e41      0x1a9 .build/obj_tm_keyboard_default/lib/lufa/LUFA/Drivers/USB/Core/USBTask.o

.debug_line     0x00000000    0x11c4f
 *(.debug_line .debug_line.* .debug_line_end)
 .debug_line    0x00000000       0x1d c:/qmk_msys/mingw64/bin/../lib/gcc/avr/12.2.0/../../../../avr/lib/avr5/crtatmega32u4.o
 .debug_line    0x0000001d      0x198 .build/obj_tm_keyboard_default/quantum/keymap_introspection.o
 .debug_line    0x000001b5      0xd87 .build/obj_tm_keyboard_default/quantum/quantum.o
 .debug_line    0x00000f3c      0x303 .build/obj_tm_keyboard_default/quantum/led.o
 .debug_line    0x0000123f     0x16da .build/obj_tm_keyboard_default/quantum/action.o
 .debug_line    0x00002919      0xaf0 .build/obj_tm_keyboard_default/quantum/action_layer.o
 .debug_line    0x00003409      0xcbc .build/obj_tm_keyboard_default/quantum/action_tapping.o
 .debug_line    0x000040c5      0xc02 .build/obj_tm_keyboard_default/quantum/action_util.o
 .debug_line    0x00004cc7      0x582 .build/obj_tm_keyboard_default/quantum/eeconfig.o
 .debug_line    0x00005249      0x953 .build/obj_tm_keyboard_default/quantum/keyboard.o
 .debug_line    0x00005b9c      0x51c .build/obj_tm_keyboard_default/quantum/keymap_common.o
 .debug_line    0x000060b8      0x4ab .build/obj_tm_keyboard_default/quantum/keycode_config.o
 .debug_line    0x00006563       0x6c .build/obj_tm_keyboard_default/quantum/logging/debug.o
 .debug_line    0x000065cf       0x8d .build/obj_tm_keyboard_default/quantum/logging/sendchar.o
 .debug_line    0x0000665c      0x460 .build/obj_tm_keyboard_default/quantum/matrix_common.o
 .debug_line    0x00006abc      0x5c6 .build/obj_tm_keyboard_default/quantum/matrix.o
 .debug_line    0x00007082      0x281 .build/obj_tm_keyboard_default/quantum/debounce/sym_defer_g.o
 .debug_line    0x00007303       0xd5 .build/obj_tm_keyboard_default/quantum/main.o
 .debug_line    0x000073d8       0xae .build/obj_tm_keyboard_default/platforms/avr/printf.o
 .debug_line    0x00007486      0x204 .build/obj_tm_keyboard_default/quantum/bootmagic/bootmagic.o
 .debug_line    0x0000768a      0x216 .build/obj_tm_keyboard_default/quantum/process_keycode/process_grave_esc.o
 .debug_line    0x000078a0      0x46e .build/obj_tm_keyboard_default/quantum/process_keycode/process_magic.o
 .debug_line    0x00007d0e      0xe03 .build/obj_tm_keyboard_default/quantum/mousekey.o
 .debug_line    0x00008b11      0x398 .build/obj_tm_keyboard_default/quantum/process_keycode/process_space_cadet.o
 .debug_line    0x00008ea9      0x445 .build/obj_tm_keyboard_default/protocol/host.o
 .debug_line    0x000092ee      0x7ca .build/obj_tm_keyboard_default/protocol/report.o
 .debug_line    0x00009ab8      0x1cd .build/obj_tm_keyboard_default/protocol/usb_device_state.o
 .debug_line    0x00009c85      0x19a .build/obj_tm_keyboard_default/platforms/suspend.o
 .debug_line    0x00009e1f       0xaf .build/obj_tm_keyboard_default/platforms/avr/platform.o